Archive member included to satisfy reference by file (symbol)

c:/altera/16.0/nios2eds/bin/gnu/h-x86_64-mingw32/bin/../lib/gcc/nios2-elf/5.2.0/../../../../../H-x86_64-mingw32/nios2-elf/lib/mhw-mulx\libc.a(lib_a-memcpy.o)
                              obj/default/seven_seg_hex.o (memcpy)
../../../Interrupts_bsp\libhal_bsp.a(alt_irq_register.o)
                              obj/default/InterruptDemo.o (alt_irq_register)
../../../Interrupts_bsp\libhal_bsp.a(alt_irq_vars.o)
                              ../../../Interrupts_bsp\libhal_bsp.a(alt_irq_register.o) (alt_irq_active)
../../../Interrupts_bsp\libhal_bsp.a(alt_load.o)
                              ../../../Interrupts_bsp/obj/HAL/src/crt0.o (alt_load)
../../../Interrupts_bsp\libhal_bsp.a(alt_main.o)
                              ../../../Interrupts_bsp/obj/HAL/src/crt0.o (alt_main)
../../../Interrupts_bsp\libhal_bsp.a(alt_sys_init.o)
                              ../../../Interrupts_bsp\libhal_bsp.a(alt_main.o) (alt_irq_init)
../../../Interrupts_bsp\libhal_bsp.a(altera_avalon_jtag_uart_fd.o)
                              ../../../Interrupts_bsp\libhal_bsp.a(alt_sys_init.o) (altera_avalon_jtag_uart_read_fd)
../../../Interrupts_bsp\libhal_bsp.a(altera_avalon_jtag_uart_init.o)
                              ../../../Interrupts_bsp\libhal_bsp.a(alt_sys_init.o) (altera_avalon_jtag_uart_init)
../../../Interrupts_bsp\libhal_bsp.a(altera_avalon_jtag_uart_ioctl.o)
                              ../../../Interrupts_bsp\libhal_bsp.a(altera_avalon_jtag_uart_fd.o) (altera_avalon_jtag_uart_ioctl)
../../../Interrupts_bsp\libhal_bsp.a(altera_avalon_jtag_uart_read.o)
                              ../../../Interrupts_bsp\libhal_bsp.a(altera_avalon_jtag_uart_fd.o) (altera_avalon_jtag_uart_read)
../../../Interrupts_bsp\libhal_bsp.a(altera_avalon_jtag_uart_write.o)
                              ../../../Interrupts_bsp\libhal_bsp.a(altera_avalon_jtag_uart_fd.o) (altera_avalon_jtag_uart_write)
../../../Interrupts_bsp\libhal_bsp.a(altera_avalon_timer_sc.o)
                              ../../../Interrupts_bsp\libhal_bsp.a(alt_sys_init.o) (alt_avalon_timer_sc_init)
../../../Interrupts_bsp\libhal_bsp.a(altera_up_avalon_character_lcd.o)
                              ../../../Interrupts_bsp\libhal_bsp.a(alt_sys_init.o) (alt_up_character_lcd_init)
../../../Interrupts_bsp\libhal_bsp.a(altera_up_avalon_irda.o)
                              ../../../Interrupts_bsp\libhal_bsp.a(alt_sys_init.o) (alt_up_irda_read_fd)
../../../Interrupts_bsp\libhal_bsp.a(altera_up_avalon_ps2.o)
                              ../../../Interrupts_bsp\libhal_bsp.a(alt_sys_init.o) (alt_up_ps2_init)
../../../Interrupts_bsp\libhal_bsp.a(altera_up_avalon_rs232.o)
                              ../../../Interrupts_bsp\libhal_bsp.a(alt_sys_init.o) (alt_up_rs232_read_fd)
../../../Interrupts_bsp\libhal_bsp.a(alt_alarm_start.o)
                              ../../../Interrupts_bsp\libhal_bsp.a(altera_avalon_jtag_uart_init.o) (alt_alarm_start)
../../../Interrupts_bsp\libhal_bsp.a(alt_close.o)
                              ../../../Interrupts_bsp\libhal_bsp.a(alt_main.o) (close)
../../../Interrupts_bsp\libhal_bsp.a(alt_dcache_flush_all.o)
                              ../../../Interrupts_bsp\libhal_bsp.a(alt_load.o) (alt_dcache_flush_all)
../../../Interrupts_bsp\libhal_bsp.a(alt_dev.o)
                              ../../../Interrupts_bsp\libhal_bsp.a(alt_sys_init.o) (alt_dev_list)
../../../Interrupts_bsp\libhal_bsp.a(alt_dev_llist_insert.o)
                              ../../../Interrupts_bsp\libhal_bsp.a(alt_sys_init.o) (alt_dev_llist_insert)
../../../Interrupts_bsp\libhal_bsp.a(alt_do_ctors.o)
                              ../../../Interrupts_bsp\libhal_bsp.a(alt_main.o) (_do_ctors)
../../../Interrupts_bsp\libhal_bsp.a(alt_do_dtors.o)
                              ../../../Interrupts_bsp\libhal_bsp.a(alt_main.o) (_do_dtors)
../../../Interrupts_bsp\libhal_bsp.a(alt_errno.o)
                              ../../../Interrupts_bsp\libhal_bsp.a(alt_close.o) (alt_errno)
../../../Interrupts_bsp\libhal_bsp.a(alt_find_dev.o)
                              ../../../Interrupts_bsp\libhal_bsp.a(altera_up_avalon_character_lcd.o) (alt_find_dev)
../../../Interrupts_bsp\libhal_bsp.a(alt_icache_flush_all.o)
                              ../../../Interrupts_bsp\libhal_bsp.a(alt_load.o) (alt_icache_flush_all)
../../../Interrupts_bsp\libhal_bsp.a(alt_io_redirect.o)
                              ../../../Interrupts_bsp\libhal_bsp.a(alt_main.o) (alt_io_redirect)
../../../Interrupts_bsp\libhal_bsp.a(alt_irq_entry.o)
                              ../../../Interrupts_bsp\libhal_bsp.a(alt_irq_register.o) (alt_irq_entry)
../../../Interrupts_bsp\libhal_bsp.a(alt_irq_handler.o)
                              ../../../Interrupts_bsp\libhal_bsp.a(alt_irq_register.o) (alt_irq)
../../../Interrupts_bsp\libhal_bsp.a(alt_open.o)
[...]
Memory Configuration

Name             Origin             Length             Attributes
reset            0x0000000000000000 0x0000000000000020
SDRAM            0x0000000000000020 0x0000000003ffffe0
VGA_Subsystem_Char_Buf_Subsystem_Onchip_SRAM 0x0000000009000000 0x0000000000002000
*default*        0x0000000000000000 0xffffffffffffffff

Linker script and memory map

LOAD ../../../Interrupts_bsp/obj/HAL/src/crt0.o
LOAD obj/default/HexDisplay.o
LOAD obj/default/InterruptDemo.o
LOAD obj/default/buttonISR.o
LOAD obj/default/lcd.o
LOAD obj/default/seven_seg_bcd.o
LOAD obj/default/seven_seg_hex.o
LOAD obj/default/timerISR.o
LOAD c:/altera/16.0/nios2eds/bin/gnu/h-x86_64-mingw32/bin/../lib/gcc/nios2-elf/5.2.0/../../../../../H-x86_64-mingw32/nios2-elf/lib/mhw-mulx\libstdc++.a
LOAD c:/altera/16.0/nios2eds/bin/gnu/h-x86_64-mingw32/bin/../lib/gcc/nios2-elf/5.2.0/../../../../../H-x86_64-mingw32/nios2-elf/lib/mhw-mulx\libm.a
LOAD c:/altera/16.0/nios2eds/bin/gnu/h-x86_64-mingw32/bin/../lib/gcc/nios2-elf/5.2.0/mhw-mulx\libgcc.a
START GROUP
LOAD c:/altera/16.0/nios2eds/bin/gnu/h-x86_64-mingw32/bin/../lib/gcc/nios2-elf/5.2.0/../../../../../H-x86_64-mingw32/nios2-elf/lib/mhw-mulx\libc.a
LOAD c:/altera/16.0/nios2eds/bin/gnu/h-x86_64-mingw32/bin/../lib/gcc/nios2-elf/5.2.0/mhw-mulx\libgcc.a
LOAD ../../../Interrupts_bsp\libhal_bsp.a
LOAD c:/altera/16.0/nios2eds/bin/gnu/h-x86_64-mingw32/bin/../lib/gcc/nios2-elf/5.2.0/../../../../../H-x86_64-mingw32/nios2-elf/lib/mhw-mulx\libm.a
END GROUP
LOAD c:/altera/16.0/nios2eds/bin/gnu/h-x86_64-mingw32/bin/../lib/gcc/nios2-elf/5.2.0/mhw-mulx\libgcc.a
                0x0000000000000000                __alt_mem_SDRAM = 0x0
                0x0000000009000000                __alt_mem_VGA_Subsystem_Char_Buf_Subsystem_Onchip_SRAM = 0x9000000

.entry          0x0000000000000000       0x20
 *(.entry)
 .entry         0x0000000000000000       0x20 ../../../Interrupts_bsp/obj/HAL/src/crt0.o
                0x0000000000000000                __reset

.exceptions     0x0000000000000020      0x228
                0x0000000000000020                PROVIDE (__ram_exceptions_start, ABSOLUTE (.))
                0x0000000000000020                . = ALIGN (0x20)
 *(.irq)
 *(.exceptions.entry.label)
 .exceptions.entry.label
                0x0000000000000020        0x0 ../../../Interrupts_bsp\libhal_bsp.a(alt_irq_entry.o)
                0x0000000000000020                alt_irq_entry
 .exceptions.entry.label
                0x0000000000000020        0x0 ../../../Interrupts_bsp\libhal_bsp.a(alt_exception_entry.o)
                0x0000000000000020                alt_exception
 *(.exceptions.entry.user)
 *(.exceptions.entry.ecc_fatal)
 *(.exceptions.entry)
 .exceptions.entry
                0x0000000000000020       0x54 ../../../Interrupts_bsp\libhal_bsp.a(alt_exception_entry.o)
 *(.exceptions.irqtest.user)
 *(.exceptions.irqtest)
 .exceptions.irqtest
                0x0000000000000074       0x10 ../../../Interrupts_bsp\libhal_bsp.a(alt_irq_entry.o)
 *(.exceptions.irqhandler.user)
 *(.exceptions.irqhandler)
 .exceptions.irqhandler
                0x0000000000000084        0x4 ../../../Interrupts_bsp\libhal_bsp.a(alt_irq_entry.o)
 *(.exceptions.irqreturn.user)
 *(.exceptions.irqreturn)
 .exceptions.irqreturn
                0x0000000000000088        0x4 ../../../Interrupts_bsp\libhal_bsp.a(alt_irq_entry.o)
 *(.exceptions.notirq.label)
 .exceptions.notirq.label
                0x000000000000008c        0x0 ../../../Interrupts_bsp\libhal_bsp.a(alt_irq_entry.o)
 *(.exceptions.notirq.user)
 *(.exceptions.notirq)
 .exceptions.notirq
                0x000000000000008c        0x8 ../../../Interrupts_bsp\libhal_bsp.a(alt_exception_entry.o)
 *(.exceptions.soft.user)
 *(.exceptions.soft)
 *(.exceptions.unknown.user)
 *(.exceptions.unknown)
 .exceptions.unknown
                0x0000000000000094       0x14 ../../../Interrupts_bsp\libhal_bsp.a(alt_exception_entry.o)
 *(.exceptions.exit.label)
 .exceptions.exit.label
                0x00000000000000a8        0x0 ../../../Interrupts_bsp\libhal_bsp.a(alt_irq_entry.o)
 .exceptions.exit.label
                0x00000000000000a8        0x0 ../../../Interrupts_bsp\libhal_bsp.a(alt_exception_entry.o)
 *(.exceptions.exit.user)
 *(.exceptions.exit)
 .exceptions.exit
                0x00000000000000a8       0x54 ../../../Interrupts_bsp\libhal_bsp.a(alt_exception_entry.o)
 *(.exceptions)
 .exceptions    0x00000000000000fc       0xd8 ../../../Interrupts_bsp\libhal_bsp.a(alt_irq_handler.o)
                0x00000000000000fc                alt_irq_handler
 .exceptions    0x00000000000001d4       0x74 ../../../Interrupts_bsp\libhal_bsp.a(alt_instruction_exception_entry.o)
                0x00000000000001d4                alt_instruction_exception_entry
                0x0000000000000248                PROVIDE (__ram_exceptions_end, ABSOLUTE (.))
                0x0000000000000020                PROVIDE (__flash_exceptions_start, LOADADDR (.exceptions))

.text           0x0000000000000248     0x40f0
                [!provide]                        PROVIDE (stext, ABSOLUTE (.))
 *(.interp)
 *(.hash)
 *(.dynsym)
 *(.dynstr)
 *(.gnu.version)
 *(.gnu.version_d)
 *(.gnu.version_r)
 *(.rel.init)
 *(.rela.init)
 *(.rel.text .rel.text.* .rel.gnu.linkonce.t.*)
 *(.rela.text .rela.text.* .rela.gnu.linkonce.t.*)
 *(.rel.fini)
 *(.rela.fini)
 *(.rel.rodata .rel.rodata.* .rel.gnu.linkonce.r.*)
 *(.rela.rodata .rela.rodata.* .rela.gnu.linkonce.r.*)
 *(.rel.data .rel.data.* .rel.gnu.linkonce.d.*)
 *(.rela.data .rela.data.* .rela.gnu.linkonce.d.*)
 *(.rel.tdata .rel.tdata.* .rel.gnu.linkonce.td.*)
 *(.rela.tdata .rela.tdata.* .rela.gnu.linkonce.td.*)
 *(.rel.tbss .rel.tbss.* .rel.gnu.linkonce.tb.*)
 *(.rela.tbss .rela.tbss.* .rela.gnu.linkonce.tb.*)
 *(.rel.ctors)
 *(.rela.ctors)
 *(.rel.dtors)
 *(.rela.dtors)
 *(.rel.got)
 *(.rela.got)
 *(.rel.sdata .rel.sdata.* .rel.gnu.linkonce.s.*)
 *(.rela.sdata .rela.sdata.* .rela.gnu.linkonce.s.*)
 *(.rel.sbss .rel.sbss.* .rel.gnu.linkonce.sb.*)
 *(.rela.sbss .rela.sbss.* .rela.gnu.linkonce.sb.*)
 *(.rel.sdata2 .rel.sdata2.* .rel.gnu.linkonce.s2.*)
 *(.rela.sdata2 .rela.sdata2.* .rela.gnu.linkonce.s2.*)
 *(.rel.sbss2 .rel.sbss2.* .rel.gnu.linkonce.sb2.*)
 *(.rela.sbss2 .rela.sbss2.* .rela.gnu.linkonce.sb2.*)
 *(.rel.bss .rel.bss.* .rel.gnu.linkonce.b.*)
 *(.rela.bss .rela.bss.* .rela.gnu.linkonce.b.*)
 *(.rel.plt)
 *(.rela.plt)
 *(.rel.dyn)
 *(.init)
 *(.plt)
 *(.text .stub .text.* .gnu.linkonce.t.*)
 .text          0x0000000000000248       0x3c ../../../Interrupts_bsp/obj/HAL/src/crt0.o
                0x0000000000000248                _start
 .text          0x0000000000000284       0xd4 obj/default/HexDisplay.o
                0x0000000000000284                toggleBCD
                0x00000000000002c8                HexDisplay
 .text          0x0000000000000358       0x84 obj/default/InterruptDemo.o
                0x0000000000000358                main
 .text          0x00000000000003dc      0x174 obj/default/buttonISR.o
                0x00000000000003dc                buttonISR
 .text          0x0000000000000550      0x110 obj/default/lcd.o
                0x0000000000000550                LCD_cursor
                0x00000000000005bc                LCD_text
                0x0000000000000628                LCD_cursor_off
 .text          0x0000000000000660      0x2bc obj/default/seven_seg_bcd.o
                0x0000000000000660                seven_seg_bcd
 .text          0x000000000000091c      0x14c obj/default/seven_seg_hex.o
                0x000000000000091c                seven_seg_hex
 .text          0x0000000000000a68       0x78 obj/default/timerISR.o
                0x0000000000000a68                timerISR
 .text          0x0000000000000ae0        0x0 c:/altera/16.0/nios2eds/bin/gnu/h-x86_64-mingw32/bin/../lib/gcc/nios2-elf/5.2.0/../../../../../H-x86_64-mingw32/nios2-elf/lib/mhw-mulx\libc.a(lib_a-memcpy.o)
 .text.memcpy   0x0000000000000ae0      0x148 c:/altera/16.0/nios2eds/bin/gnu/h-x86_64-mingw32/bin/../lib/gcc/nios2-elf/5.2.0/../../../../../H-x86_64-mingw32/nios2-elf/lib/mhw-mulx\libc.a(lib_a-memcpy.o)
                0x0000000000000ae0                memcpy
 .text          0x0000000000000c28      0x1b0 ../../../Interrupts_bsp\libhal_bsp.a(alt_irq_register.o)
                0x0000000000000c28                alt_irq_register
 .text          0x0000000000000dd8        0x0 ../../../Interrupts_bsp\libhal_bsp.a(alt_irq_vars.o)
 .text          0x0000000000000dd8       0xec ../../../Interrupts_bsp\libhal_bsp.a(alt_load.o)
                0x0000000000000e40                alt_load
 .text          0x0000000000000ec4       0x7c ../../../Interrupts_bsp\libhal_bsp.a(alt_main.o)
                0x0000000000000ec4                alt_main
 .text          0x0000000000000f40      0x394 ../../../Interrupts_bsp\libhal_bsp.a(alt_sys_init.o)
                0x0000000000000f78                alt_irq_init
                0x0000000000000fb0                alt_sys_init
 .text          0x00000000000012d4      0x164 ../../../Interrupts_bsp\libhal_bsp.a(altera_avalon_jtag_uart_fd.o)
                0x00000000000012d4                altera_avalon_jtag_uart_read_fd
                0x0000000000001334                altera_avalon_jtag_uart_write_fd
                0x0000000000001394                altera_avalon_jtag_uart_close_fd
                0x00000000000013e4                altera_avalon_jtag_uart_ioctl_fd
 .text          0x0000000000001438      0x3dc ../../../Interrupts_bsp\libhal_bsp.a(altera_avalon_jtag_uart_init.o)
                0x0000000000001438                altera_avalon_jtag_uart_init
                0x00000000000017ac                altera_avalon_jtag_uart_close
 .text          0x0000000000001814       0xf0 ../../../Interrupts_bsp\libhal_bsp.a(altera_avalon_jtag_uart_ioctl.o)
                0x0000000000001814                altera_avalon_jtag_uart_ioctl
 .text          0x0000000000001904      0x21c ../../../Interrupts_bsp\libhal_bsp.a(altera_avalon_jtag_uart_read.o)
                0x0000000000001904                altera_avalon_jtag_uart_read
 .text          0x0000000000001b20      0x224 ../../../Interrupts_bsp\libhal_bsp.a(altera_avalon_jtag_uart_write.o)
                0x0000000000001b20                altera_avalon_jtag_uart_write
 .text          0x0000000000001d44      0x100 ../../../Interrupts_bsp\libhal_bsp.a(altera_avalon_timer_sc.o)
                0x0000000000001dc0                alt_avalon_timer_sc_init
 .text          0x0000000000001e44      0x4f8 ../../../Interrupts_bsp\libhal_bsp.a(altera_up_avalon_character_lcd.o)
                0x0000000000001e44                get_DDRAM_addr
                0x0000000000001eb8                alt_up_character_lcd_send_cmd
                0x0000000000001ef8                alt_up_character_lcd_init
                0x0000000000001f30                alt_up_character_lcd_open_dev
                0x0000000000001f70                alt_up_character_lcd_write
                0x0000000000001fec                alt_up_character_lcd_string
                0x0000000000002064                alt_up_character_lcd_write_fd
                0x00000000000020b4                alt_up_character_lcd_set_cursor_pos
                0x0000000000002128                alt_up_character_lcd_shift_cursor
                0x00000000000021b4                alt_up_character_lcd_shift_display
                0x0000000000002240                alt_up_character_lcd_erase_pos
                0x00000000000022cc                alt_up_character_lcd_cursor_off
                0x0000000000002304                alt_up_character_lcd_cursor_blink_on
 .text          0x000000000000233c      0x390 ../../../Interrupts_bsp\libhal_bsp.a(altera_up_avalon_irda.o)
                0x000000000000233c                alt_up_irda_enable_read_interrupt
                0x0000000000002398                alt_up_irda_disable_read_interrupt
                0x00000000000023f8                alt_up_irda_get_used_space_in_read_FIFO
                0x0000000000002438                alt_up_irda_get_available_space_in_write_FIFO
                0x0000000000002474                alt_up_irda_check_parity
                0x00000000000024b8                alt_up_irda_write_data
                0x00000000000024f8                alt_up_irda_read_data
                0x000000000000256c                alt_up_irda_read_fd
                0x00000000000025fc                alt_up_irda_write_fd
                0x000000000000268c                alt_up_irda_open_dev
 .text          0x00000000000026cc      0x6b4 ../../../Interrupts_bsp\libhal_bsp.a(altera_up_avalon_ps2.o)
                0x00000000000026cc                read_RI_bit
                0x0000000000002700                read_RE_bit
                0x0000000000002730                read_CE_bit
                0x0000000000002764                read_num_bytes_available
                0x0000000000002794                read_data_valid
                0x00000000000027c8                read_data_byte
                0x00000000000027f4                alt_up_ps2_init
                0x00000000000028bc                alt_up_ps2_enable_read_interrupt
                0x0000000000002918                alt_up_ps2_disable_read_interrupt
                0x0000000000002978                alt_up_ps2_write_data_byte
                0x00000000000029ec                alt_up_ps2_wait_for_ack
                0x0000000000002a54                alt_up_ps2_write_data_byte_with_ack
                0x0000000000002ab8                alt_up_ps2_read_data_byte_timeout
                0x0000000000002b54                alt_up_ps2_read_data_byte
                0x0000000000002bc4                alt_up_ps2_clear_fifo
                0x0000000000002c1c                alt_up_ps2_read_fd
                0x0000000000002ca8                alt_up_ps2_write_fd
                0x0000000000002d40                alt_up_ps2_open_dev
 .text          0x0000000000002d80      0x394 ../../../Interrupts_bsp\libhal_bsp.a(altera_up_avalon_rs232.o)
                0x0000000000002d80                alt_up_rs232_enable_read_interrupt
                0x0000000000002ddc                alt_up_rs232_disable_read_interrupt
                0x0000000000002e3c                alt_up_rs232_get_used_space_in_read_FIFO
                0x0000000000002e7c                alt_up_rs232_get_available_space_in_write_FIFO
                0x0000000000002eb8                alt_up_rs232_check_parity
                0x0000000000002efc                alt_up_rs232_write_data
                0x0000000000002f3c                alt_up_rs232_read_data
                0x0000000000002fb0                alt_up_rs232_read_fd
                0x0000000000003040                alt_up_rs232_write_fd
                0x00000000000030d4                alt_up_rs232_open_dev
 .text          0x0000000000003114      0x140 ../../../Interrupts_bsp\libhal_bsp.a(alt_alarm_start.o)
                0x0000000000003114                alt_alarm_start
 .text          0x0000000000003254      0x120 ../../../Interrupts_bsp\libhal_bsp.a(alt_close.o)
                0x00000000000032a4                close
 .text          0x0000000000003374       0x20 ../../../Interrupts_bsp\libhal_bsp.a(alt_dcache_flush_all.o)
                0x0000000000003374                alt_dcache_flush_all
 .text          0x0000000000003394       0x2c ../../../Interrupts_bsp\libhal_bsp.a(alt_dev.o)
 .text          0x00000000000033c0       0xf4 ../../../Interrupts_bsp\libhal_bsp.a(alt_dev_llist_insert.o)
                0x0000000000003410                alt_dev_llist_insert
 .text          0x00000000000034b4       0x60 ../../../Interrupts_bsp\libhal_bsp.a(alt_do_ctors.o)
                0x00000000000034b4                _do_ctors
 .text          0x0000000000003514       0x60 ../../../Interrupts_bsp\libhal_bsp.a(alt_do_dtors.o)
                0x0000000000003514                _do_dtors
 .text          0x0000000000003574        0x0 ../../../Interrupts_bsp\libhal_bsp.a(alt_errno.o)
 .text          0x0000000000003574       0x90 ../../../Interrupts_bsp\libhal_bsp.a(alt_find_dev.o)
                0x0000000000003574                alt_find_dev
 .text          0x0000000000003604       0x34 ../../../Interrupts_bsp\libhal_bsp.a(alt_icache_flush_all.o)
                0x0000000000003604                alt_icache_flush_all
 .text          0x0000000000003638      0x140 ../../../Interrupts_bsp\libhal_bsp.a(alt_io_redirect.o)
                0x00000000000036fc                alt_io_redirect
 .text          0x0000000000003778        0x0 ../../../Interrupts_bsp\libhal_bsp.a(alt_irq_entry.o)
 .text          0x0000000000003778        0x0 ../../../Interrupts_bsp\libhal_bsp.a(alt_irq_handler.o)
 .text          0x0000000000003778      0x274 ../../../Interrupts_bsp\libhal_bsp.a(alt_open.o)
                0x0000000000003894                open
 .text          0x00000000000039ec       0x64 ../../../Interrupts_bsp\libhal_bsp.a(alt_release_fd.o)
                0x00000000000039ec                alt_release_fd
 .text          0x0000000000003a50      0x1a4 ../../../Interrupts_bsp\libhal_bsp.a(alt_tick.o)
                0x0000000000003a50                alt_alarm_stop
                0x0000000000003aec                alt_tick
 .text          0x0000000000003bf4       0x24 ../../../Interrupts_bsp\libhal_bsp.a(altera_nios2_gen2_irq.o)
                0x0000000000003bf4                altera_nios2_gen2_irq_init
 .text          0x0000000000003c18        0x0 ../../../Interrupts_bsp\libhal_bsp.a(alt_exception_entry.o)
 .text          0x0000000000003c18      0x114 ../../../Interrupts_bsp\libhal_bsp.a(alt_find_file.o)
                0x0000000000003c18                alt_find_file
 .text          0x0000000000003d2c       0xb4 ../../../Interrupts_bsp\libhal_bsp.a(alt_get_fd.o)
                0x0000000000003d2c                alt_get_fd
 .text          0x0000000000003de0       0x90 ../../../Interrupts_bsp\libhal_bsp.a(alt_icache_flush.o)
                0x0000000000003de0                alt_icache_flush
 .text          0x0000000000003e70       0x9c ../../../Interrupts_bsp\libhal_bsp.a(alt_instruction_exception_entry.o)
                0x0000000000003e70                alt_exception_cause_generated_bad_addr
 .text          0x0000000000003f0c        0x0 c:/altera/16.0/nios2eds/bin/gnu/h-x86_64-mingw32/bin/../lib/gcc/nios2-elf/5.2.0/../../../../../H-x86_64-mingw32/nios2-elf/lib/mhw-mulx\libc.a(lib_a-atexit.o)
 .text.atexit   0x0000000000003f0c       0x14 c:/altera/16.0/nios2eds/bin/gnu/h-x86_64-mingw32/bin/../lib/gcc/nios2-elf/5.2.0/../../../../../H-x86_64-mingw32/nios2-elf/lib/mhw-mulx\libc.a(lib_a-atexit.o)
                0x0000000000003f0c                atexit
 .text          0x0000000000003f20        0x0 c:/altera/16.0/nios2eds/bin/gnu/h-x86_64-mingw32/bin/../lib/gcc/nios2-elf/5.2.0/../../../../../H-x86_64-mingw32/nios2-elf/lib/mhw-mulx\libc.a(lib_a-exit.o)
 .text.exit     0x0000000000003f20       0x38 c:/altera/16.0/nios2eds/bin/gnu/h-x86_64-mingw32/bin/../lib/gcc/nios2-elf/5.2.0/../../../../../H-x86_64-mingw32/nios2-elf/lib/mhw-mulx\libc.a(lib_a-exit.o)
                0x0000000000003f20                exit
 .text          0x0000000000003f58        0x0 c:/altera/16.0/nios2eds/bin/gnu/h-x86_64-mingw32/bin/../lib/gcc/nios2-elf/5.2.0/../../../../../H-x86_64-mingw32/nios2-elf/lib/mhw-mulx\libc.a(lib_a-impure.o)
 .text          0x0000000000003f58        0x0 c:/altera/16.0/nios2eds/bin/gnu/h-x86_64-mingw32/bin/../lib/gcc/nios2-elf/5.2.0/../../../../../H-x86_64-mingw32/nios2-elf/lib/mhw-mulx\libc.a(lib_a-int_errno.o)
 .text          0x0000000000003f58        0x0 c:/altera/16.0/nios2eds/bin/gnu/h-x86_64-mingw32/bin/../lib/gcc/nios2-elf/5.2.0/../../../../../H-x86_64-mingw32/nios2-elf/lib/mhw-mulx\libc.a(lib_a-memcmp.o)
 .text.memcmp   0x0000000000003f58       0x7c c:/altera/16.0/nios2eds/bin/gnu/h-x86_64-mingw32/bin/../lib/gcc/nios2-elf/5.2.0/../../../../../H-x86_64-mingw32/nios2-elf/lib/mhw-mulx\libc.a(lib_a-memcmp.o)
                0x0000000000003f58                memcmp
 .text          0x0000000000003fd4        0x0 c:/altera/16.0/nios2eds/bin/gnu/h-x86_64-mingw32/bin/../lib/gcc/nios2-elf/5.2.0/../../../../../H-x86_64-mingw32/nios2-elf/lib/mhw-mulx\libc.a(lib_a-strlen.o)
 .text.strlen   0x0000000000003fd4       0x98 c:/altera/16.0/nios2eds/bin/gnu/h-x86_64-mingw32/bin/../lib/gcc/nios2-elf/5.2.0/../../../../../H-x86_64-mingw32/nios2-elf/lib/mhw-mulx\libc.a(lib_a-strlen.o)
                0x0000000000003fd4                strlen
 .text          0x000000000000406c        0x0 c:/altera/16.0/nios2eds/bin/gnu/h-x86_64-mingw32/bin/../lib/gcc/nios2-elf/5.2.0/../../../../../H-x86_64-mingw32/nios2-elf/lib/mhw-mulx\libc.a(lib_a-__atexit.o)
 .text.__register_exitproc
                0x000000000000406c      0x118 c:/altera/16.0/nios2eds/bin/gnu/h-x86_64-mingw32/bin/../lib/gcc/nios2-elf/5.2.0/../../../../../H-x86_64-mingw32/nios2-elf/lib/mhw-mulx\libc.a(lib_a-__atexit.o)
                0x000000000000406c                __register_exitproc
 .text          0x0000000000004184        0x0 c:/altera/16.0/nios2eds/bin/gnu/h-x86_64-mingw32/bin/../lib/gcc/nios2-elf/5.2.0/../../../../../H-x86_64-mingw32/nios2-elf/lib/mhw-mulx\libc.a(lib_a-__call_atexit.o)
 .text.__call_exitprocs
                0x0000000000004184      0x180 c:/altera/16.0/nios2eds/bin/gnu/h-x86_64-mingw32/bin/../lib/gcc/nios2-elf/5.2.0/../../../../../H-x86_64-mingw32/nios2-elf/lib/mhw-mulx\libc.a(lib_a-__call_atexit.o)
                0x0000000000004184                __call_exitprocs
 .text          0x0000000000004304       0x34 ../../../Interrupts_bsp\libhal_bsp.a(alt_exit.o)
                0x0000000000004304                _exit
 *(.gnu.warning.*)
 *(.fini)
                [!provide]                        PROVIDE (__etext, ABSOLUTE (.))
                [!provide]                        PROVIDE (_etext, ABSOLUTE (.))
                [!provide]                        PROVIDE (etext, ABSOLUTE (.))
 *(.eh_frame_hdr)
                0x0000000000004338                . = ALIGN (0x4)
                [!provide]                        PROVIDE (__preinit_array_start, ABSOLUTE (.))
 *(.preinit_array)
                [!provide]                        PROVIDE (__preinit_array_end, ABSOLUTE (.))
                [!provide]                        PROVIDE (__init_array_start, ABSOLUTE (.))
 *(.init_array)
                [!provide]                        PROVIDE (__init_array_end, ABSOLUTE (.))
                [!provide]                        PROVIDE (__fini_array_start, ABSOLUTE (.))
 *(.fini_array)
                [!provide]                        PROVIDE (__fini_array_end, ABSOLUTE (.))
 *(.eh_frame)
 *(.gcc_except_table .gcc_except_table.*)
 *(.dynamic)
                0x0000000000004338                PROVIDE (__CTOR_LIST__, ABSOLUTE (.))
 *(.ctors)
 *(SORT(.ctors.*))
                0x0000000000004338                PROVIDE (__CTOR_END__, ABSOLUTE (.))
                0x0000000000004338                PROVIDE (__DTOR_LIST__, ABSOLUTE (.))
 *(.dtors)
 *(SORT(.dtors.*))
                0x0000000000004338                PROVIDE (__DTOR_END__, ABSOLUTE (.))
 *(.jcr)
                0x0000000000004338                . = ALIGN (0x4)

.rodata         0x0000000000004338      0x1d4
                0x0000000000004338                PROVIDE (__ram_rodata_start, ABSOLUTE (.))
                0x0000000000004338                . = ALIGN (0x4)
 *(.rodata .rodata.* .gnu.linkonce.r.*)
 .rodata        0x0000000000004338       0x4e obj/default/buttonISR.o
 .rodata        0x0000000000004386       0x10 obj/default/seven_seg_hex.o
 *fill*         0x0000000000004396        0x2 
 .rodata        0x0000000000004398        0xf ../../../Interrupts_bsp\libhal_bsp.a(alt_main.o)
 *fill*         0x00000000000043a7        0x1 
 .rodata        0x00000000000043a8      0x151 ../../../Interrupts_bsp\libhal_bsp.a(alt_sys_init.o)
 *fill*         0x00000000000044f9        0x3 
 .rodata        0x00000000000044fc        0xa ../../../Interrupts_bsp\libhal_bsp.a(alt_dev.o)
 *fill*         0x0000000000004506        0x2 
 .rodata.str1.4
                0x0000000000004508        0x4 c:/altera/16.0/nios2eds/bin/gnu/h-x86_64-mingw32/bin/../lib/gcc/nios2-elf/5.2.0/../../../../../H-x86_64-mingw32/nios2-elf/lib/mhw-mulx\libc.a(lib_a-impure.o)
                                          0x2 (size before relaxing)
 *(.rodata1)
                0x000000000000450c                . = ALIGN (0x4)
                0x000000000000450c                PROVIDE (__ram_rodata_end, ABSOLUTE (.))
                0x0000000000004338                PROVIDE (__flash_rodata_start, LOADADDR (.rodata))

.rwdata         0x000000000000450c     0x1994 load address 0x0000000000005ea0
                0x000000000000450c                PROVIDE (__ram_rwdata_start, ABSOLUTE (.))
                0x000000000000450c                . = ALIGN (0x4)
 *(.got.plt)
 *(.got)
 *(.data1)
 *(.data .data.* .gnu.linkonce.d.*)
 .data          0x000000000000450c        0x0 ../../../Interrupts_bsp/obj/HAL/src/crt0.o
 .data          0x000000000000450c        0x0 obj/default/HexDisplay.o
 .data          0x000000000000450c        0x0 obj/default/InterruptDemo.o
 .data          0x000000000000450c        0x0 obj/default/buttonISR.o
 .data          0x000000000000450c        0x0 obj/default/lcd.o
 .data          0x000000000000450c        0x0 obj/default/seven_seg_bcd.o
 .data          0x000000000000450c        0x0 obj/default/seven_seg_hex.o
 .data          0x000000000000450c        0x0 obj/default/timerISR.o
 .data          0x000000000000450c        0x0 c:/altera/16.0/nios2eds/bin/gnu/h-x86_64-mingw32/bin/../lib/gcc/nios2-elf/5.2.0/../../../../../H-x86_64-mingw32/nios2-elf/lib/mhw-mulx\libc.a(lib_a-memcpy.o)
 .data          0x000000000000450c        0x0 ../../../Interrupts_bsp\libhal_bsp.a(alt_irq_register.o)
 .data          0x000000000000450c        0x0 ../../../Interrupts_bsp\libhal_bsp.a(alt_irq_vars.o)
 .data          0x000000000000450c        0x0 ../../../Interrupts_bsp\libhal_bsp.a(alt_load.o)
 .data          0x000000000000450c        0x0 ../../../Interrupts_bsp\libhal_bsp.a(alt_main.o)
 .data          0x000000000000450c     0x139c ../../../Interrupts_bsp\libhal_bsp.a(alt_sys_init.o)
 .data          0x00000000000058a8        0x0 ../../../Interrupts_bsp\libhal_bsp.a(altera_avalon_jtag_uart_fd.o)
 .data          0x00000000000058a8        0x0 ../../../Interrupts_bsp\libhal_bsp.a(altera_avalon_jtag_uart_init.o)
 .data          0x00000000000058a8        0x0 ../../../Interrupts_bsp\libhal_bsp.a(altera_avalon_jtag_uart_ioctl.o)
 .data          0x00000000000058a8        0x0 ../../../Interrupts_bsp\libhal_bsp.a(altera_avalon_jtag_uart_read.o)
 .data          0x00000000000058a8        0x0 ../../../Interrupts_bsp\libhal_bsp.a(altera_avalon_jtag_uart_write.o)
 .data          0x00000000000058a8        0x0 ../../../Interrupts_bsp\libhal_bsp.a(altera_avalon_timer_sc.o)
 .data          0x00000000000058a8        0x0 ../../../Interrupts_bsp\libhal_bsp.a(altera_up_avalon_character_lcd.o)
 .data          0x00000000000058a8        0x0 ../../../Interrupts_bsp\libhal_bsp.a(altera_up_avalon_irda.o)
 .data          0x00000000000058a8        0x0 ../../../Interrupts_bsp\libhal_bsp.a(altera_up_avalon_ps2.o)
 .data          0x00000000000058a8        0x0 ../../../Interrupts_bsp\libhal_bsp.a(altera_up_avalon_rs232.o)
 .data          0x00000000000058a8        0x0 ../../../Interrupts_bsp\libhal_bsp.a(alt_alarm_start.o)
 .data          0x00000000000058a8        0x0 ../../../Interrupts_bsp\libhal_bsp.a(alt_close.o)
 .data          0x00000000000058a8        0x0 ../../../Interrupts_bsp\libhal_bsp.a(alt_dcache_flush_all.o)
 .data          0x00000000000058a8      0x1a8 ../../../Interrupts_bsp\libhal_bsp.a(alt_dev.o)
                0x00000000000058a8                alt_dev_null
                0x00000000000058d0                alt_fd_list
 .data          0x0000000000005a50        0x0 ../../../Interrupts_bsp\libhal_bsp.a(alt_dev_llist_insert.o)
 .data          0x0000000000005a50        0x0 ../../../Interrupts_bsp\libhal_bsp.a(alt_do_ctors.o)
 .data          0x0000000000005a50        0x0 ../../../Interrupts_bsp\libhal_bsp.a(alt_do_dtors.o)
 .data          0x0000000000005a50        0x0 ../../../Interrupts_bsp\libhal_bsp.a(alt_errno.o)
 .data          0x0000000000005a50        0x0 ../../../Interrupts_bsp\libhal_bsp.a(alt_find_dev.o)
 .data          0x0000000000005a50        0x0 ../../../Interrupts_bsp\libhal_bsp.a(alt_icache_flush_all.o)
 .data          0x0000000000005a50        0x0 ../../../Interrupts_bsp\libhal_bsp.a(alt_io_redirect.o)
 .data          0x0000000000005a50        0x0 ../../../Interrupts_bsp\libhal_bsp.a(alt_irq_entry.o)
 .data          0x0000000000005a50        0x0 ../../../Interrupts_bsp\libhal_bsp.a(alt_irq_handler.o)
 .data          0x0000000000005a50        0x0 ../../../Interrupts_bsp\libhal_bsp.a(alt_open.o)
 .data          0x0000000000005a50        0x0 ../../../Interrupts_bsp\libhal_bsp.a(alt_release_fd.o)
 .data          0x0000000000005a50        0x0 ../../../Interrupts_bsp\libhal_bsp.a(alt_tick.o)
 .data          0x0000000000005a50        0x0 ../../../Interrupts_bsp\libhal_bsp.a(altera_nios2_gen2_irq.o)
 .data          0x0000000000005a50        0x0 ../../../Interrupts_bsp\libhal_bsp.a(alt_exception_entry.o)
 .data          0x0000000000005a50        0x0 ../../../Interrupts_bsp\libhal_bsp.a(alt_find_file.o)
 .data          0x0000000000005a50        0x0 ../../../Interrupts_bsp\libhal_bsp.a(alt_get_fd.o)
 .data          0x0000000000005a50        0x0 ../../../Interrupts_bsp\libhal_bsp.a(alt_icache_flush.o)
 .data          0x0000000000005a50        0x0 ../../../Interrupts_bsp\libhal_bsp.a(alt_instruction_exception_entry.o)
 .data          0x0000000000005a50        0x0 c:/altera/16.0/nios2eds/bin/gnu/h-x86_64-mingw32/bin/../lib/gcc/nios2-elf/5.2.0/../../../../../H-x86_64-mingw32/nios2-elf/lib/mhw-mulx\libc.a(lib_a-atexit.o)
 .data          0x0000000000005a50        0x0 c:/altera/16.0/nios2eds/bin/gnu/h-x86_64-mingw32/bin/../lib/gcc/nios2-elf/5.2.0/../../../../../H-x86_64-mingw32/nios2-elf/lib/mhw-mulx\libc.a(lib_a-exit.o)
 .data          0x0000000000005a50        0x0 c:/altera/16.0/nios2eds/bin/gnu/h-x86_64-mingw32/bin/../lib/gcc/nios2-elf/5.2.0/../../../../../H-x86_64-mingw32/nios2-elf/lib/mhw-mulx\libc.a(lib_a-impure.o)
 .data.impure_data
                0x0000000000005a50      0x424 c:/altera/16.0/nios2eds/bin/gnu/h-x86_64-mingw32/bin/../lib/gcc/nios2-elf/5.2.0/../../../../../H-x86_64-mingw32/nios2-elf/lib/mhw-mulx\libc.a(lib_a-impure.o)
 .data          0x0000000000005e74        0x0 c:/altera/16.0/nios2eds/bin/gnu/h-x86_64-mingw32/bin/../lib/gcc/nios2-elf/5.2.0/../../../../../H-x86_64-mingw32/nios2-elf/lib/mhw-mulx\libc.a(lib_a-int_errno.o)
 .data          0x0000000000005e74        0x0 c:/altera/16.0/nios2eds/bin/gnu/h-x86_64-mingw32/bin/../lib/gcc/nios2-elf/5.2.0/../../../../../H-x86_64-mingw32/nios2-elf/lib/mhw-mulx\libc.a(lib_a-memcmp.o)
 .data          0x0000000000005e74        0x0 c:/altera/16.0/nios2eds/bin/gnu/h-x86_64-mingw32/bin/../lib/gcc/nios2-elf/5.2.0/../../../../../H-x86_64-mingw32/nios2-elf/lib/mhw-mulx\libc.a(lib_a-strlen.o)
 .data          0x0000000000005e74        0x0 c:/altera/16.0/nios2eds/bin/gnu/h-x86_64-mingw32/bin/../lib/gcc/nios2-elf/5.2.0/../../../../../H-x86_64-mingw32/nios2-elf/lib/mhw-mulx\libc.a(lib_a-__atexit.o)
 .data          0x0000000000005e74        0x0 c:/altera/16.0/nios2eds/bin/gnu/h-x86_64-mingw32/bin/../lib/gcc/nios2-elf/5.2.0/../../../../../H-x86_64-mingw32/nios2-elf/lib/mhw-mulx\libc.a(lib_a-__call_atexit.o)
 .data          0x0000000000005e74        0x0 ../../../Interrupts_bsp\libhal_bsp.a(alt_exit.o)
                0x000000000000de74                _gp = ABSOLUTE ((. + 0x8000))
                [!provide]                        PROVIDE (gp, _gp)
 *(.rwdata .rwdata.*)
 *(.sdata .sdata.* .gnu.linkonce.s.*)
 .sdata         0x0000000000005e74        0x4 ../../../Interrupts_bsp\libhal_bsp.a(alt_irq_vars.o)
                0x0000000000005e74                alt_priority_mask
 .sdata         0x0000000000005e78       0x14 ../../../Interrupts_bsp\libhal_bsp.a(alt_dev.o)
                0x0000000000005e78                alt_fs_list
                0x0000000000005e80                alt_dev_list
                0x0000000000005e88                alt_max_fd
 .sdata         0x0000000000005e8c        0x4 ../../../Interrupts_bsp\libhal_bsp.a(alt_errno.o)
                0x0000000000005e8c                alt_errno
 .sdata         0x0000000000005e90        0x8 ../../../Interrupts_bsp\libhal_bsp.a(alt_tick.o)
                0x0000000000005e90                alt_alarm_list
 .sdata._global_impure_ptr
                0x0000000000005e98        0x4 c:/altera/16.0/nios2eds/bin/gnu/h-x86_64-mingw32/bin/../lib/gcc/nios2-elf/5.2.0/../../../../../H-x86_64-mingw32/nios2-elf/lib/mhw-mulx\libc.a(lib_a-impure.o)
                0x0000000000005e98                _global_impure_ptr
 .sdata._impure_ptr
                0x0000000000005e9c        0x4 c:/altera/16.0/nios2eds/bin/gnu/h-x86_64-mingw32/bin/../lib/gcc/nios2-elf/5.2.0/../../../../../H-x86_64-mingw32/nios2-elf/lib/mhw-mulx\libc.a(lib_a-impure.o)
                0x0000000000005e9c                _impure_ptr
 *(.sdata2 .sdata2.* .gnu.linkonce.s2.*)
                0x0000000000005ea0                . = ALIGN (0x4)
                0x0000000000005ea0                _edata = ABSOLUTE (.)
                [!provide]                        PROVIDE (edata, ABSOLUTE (.))
                0x0000000000005ea0                PROVIDE (__ram_rwdata_end, ABSOLUTE (.))
                0x0000000000005ea0                PROVIDE (__flash_rwdata_start, LOADADDR (.rwdata))

.bss            0x0000000000007834      0x12c
                0x0000000000007834                __bss_start = ABSOLUTE (.)
                [!provide]                        PROVIDE (__sbss_start, ABSOLUTE (.))
                [!provide]                        PROVIDE (___sbss_start, ABSOLUTE (.))
 *(.dynsbss)
 *(.sbss .sbss.* .gnu.linkonce.sb.*)
 .sbss          0x0000000000007834        0x1 obj/default/HexDisplay.o
                0x0000000000007834                display_as_bcd
 *fill*         0x0000000000007835        0x3 
 .sbss          0x0000000000007838        0x4 obj/default/InterruptDemo.o
 .sbss          0x000000000000783c        0x1 obj/default/buttonISR.o
                0x000000000000783c                timer
 *fill*         0x000000000000783d        0x3 
 .sbss          0x0000000000007840        0x4 ../../../Interrupts_bsp\libhal_bsp.a(alt_irq_vars.o)
                0x0000000000007840                alt_irq_active
 .sbss          0x0000000000007844        0xc ../../../Interrupts_bsp\libhal_bsp.a(alt_main.o)
                0x0000000000007844                alt_argc
                0x0000000000007848                alt_argv
                0x000000000000784c                alt_envp
 .sbss          0x0000000000007850        0x8 ../../../Interrupts_bsp\libhal_bsp.a(alt_tick.o)
                0x0000000000007850                _alt_tick_rate
                0x0000000000007854                _alt_nticks
 .sbss          0x0000000000007858        0x4 ../../../Interrupts_bsp\libhal_bsp.a(alt_instruction_exception_entry.o)
                0x0000000000007858                alt_instruction_exception_handler
 .sbss          0x000000000000785c        0x4 c:/altera/16.0/nios2eds/bin/gnu/h-x86_64-mingw32/bin/../lib/gcc/nios2-elf/5.2.0/../../../../../H-x86_64-mingw32/nios2-elf/lib/mhw-mulx\libc.a(lib_a-int_errno.o)
                0x000000000000785c                errno
 *(.sbss2 .sbss2.* .gnu.linkonce.sb2.*)
 *(.scommon)
                [!provide]                        PROVIDE (__sbss_end, ABSOLUTE (.))
                [!provide]                        PROVIDE (___sbss_end, ABSOLUTE (.))
 *(.dynbss)
 *(.bss .bss.* .gnu.linkonce.b.*)
 .bss           0x0000000000007860        0x0 ../../../Interrupts_bsp/obj/HAL/src/crt0.o
 .bss           0x0000000000007860        0x0 obj/default/HexDisplay.o
 .bss           0x0000000000007860        0x0 obj/default/InterruptDemo.o
 .bss           0x0000000000007860        0x0 obj/default/buttonISR.o
 .bss           0x0000000000007860        0x0 obj/default/lcd.o
 .bss           0x0000000000007860        0x0 obj/default/seven_seg_bcd.o
 .bss           0x0000000000007860        0x0 obj/default/seven_seg_hex.o
 .bss           0x0000000000007860        0x0 obj/default/timerISR.o
 .bss           0x0000000000007860        0x0 c:/altera/16.0/nios2eds/bin/gnu/h-x86_64-mingw32/bin/../lib/gcc/nios2-elf/5.2.0/../../../../../H-x86_64-mingw32/nios2-elf/lib/mhw-mulx\libc.a(lib_a-memcpy.o)
 .bss           0x0000000000007860        0x0 ../../../Interrupts_bsp\libhal_bsp.a(alt_irq_register.o)
 .bss           0x0000000000007860        0x0 ../../../Interrupts_bsp\libhal_bsp.a(alt_irq_vars.o)
 .bss           0x0000000000007860        0x0 ../../../Interrupts_bsp\libhal_bsp.a(alt_load.o)
 .bss           0x0000000000007860        0x0 ../../../Interrupts_bsp\libhal_bsp.a(alt_main.o)
 .bss           0x0000000000007860        0x0 ../../../Interrupts_bsp\libhal_bsp.a(alt_sys_init.o)
 .bss           0x0000000000007860        0x0 ../../../Interrupts_bsp\libhal_bsp.a(altera_avalon_jtag_uart_fd.o)
 .bss           0x0000000000007860        0x0 ../../../Interrupts_bsp\libhal_bsp.a(altera_avalon_jtag_uart_init.o)
 .bss           0x0000000000007860        0x0 ../../../Interrupts_bsp\libhal_bsp.a(altera_avalon_jtag_uart_ioctl.o)
 .bss           0x0000000000007860        0x0 ../../../Interrupts_bsp\libhal_bsp.a(altera_avalon_jtag_uart_read.o)
 .bss           0x0000000000007860        0x0 ../../../Interrupts_bsp\libhal_bsp.a(altera_avalon_jtag_uart_write.o)
 .bss           0x0000000000007860        0x0 ../../../Interrupts_bsp\libhal_bsp.a(altera_avalon_timer_sc.o)
 .bss           0x0000000000007860        0x0 ../../../Interrupts_bsp\libhal_bsp.a(altera_up_avalon_character_lcd.o)
 .bss           0x0000000000007860        0x0 ../../../Interrupts_bsp\libhal_bsp.a(altera_up_avalon_irda.o)
 .bss           0x0000000000007860        0x0 ../../../Interrupts_bsp\libhal_bsp.a(altera_up_avalon_ps2.o)
 .bss           0x0000000000007860        0x0 ../../../Interrupts_bsp\libhal_bsp.a(altera_up_avalon_rs232.o)
 .bss           0x0000000000007860        0x0 ../../../Interrupts_bsp\libhal_bsp.a(alt_alarm_start.o)
 .bss           0x0000000000007860        0x0 ../../../Interrupts_bsp\libhal_bsp.a(alt_close.o)
 .bss           0x0000000000007860        0x0 ../../../Interrupts_bsp\libhal_bsp.a(alt_dcache_flush_all.o)
 .bss           0x0000000000007860        0x0 ../../../Interrupts_bsp\libhal_bsp.a(alt_dev.o)
 .bss           0x0000000000007860        0x0 ../../../Interrupts_bsp\libhal_bsp.a(alt_dev_llist_insert.o)
 .bss           0x0000000000007860        0x0 ../../../Interrupts_bsp\libhal_bsp.a(alt_do_ctors.o)
 .bss           0x0000000000007860        0x0 ../../../Interrupts_bsp\libhal_bsp.a(alt_do_dtors.o)
 .bss           0x0000000000007860        0x0 ../../../Interrupts_bsp\libhal_bsp.a(alt_errno.o)
 .bss           0x0000000000007860        0x0 ../../../Interrupts_bsp\libhal_bsp.a(alt_find_dev.o)
 .bss           0x0000000000007860        0x0 ../../../Interrupts_bsp\libhal_bsp.a(alt_icache_flush_all.o)
 .bss           0x0000000000007860        0x0 ../../../Interrupts_bsp\libhal_bsp.a(alt_io_redirect.o)
 .bss           0x0000000000007860        0x0 ../../../Interrupts_bsp\libhal_bsp.a(alt_irq_entry.o)
 .bss           0x0000000000007860        0x0 ../../../Interrupts_bsp\libhal_bsp.a(alt_irq_handler.o)
 .bss           0x0000000000007860        0x0 ../../../Interrupts_bsp\libhal_bsp.a(alt_open.o)
 .bss           0x0000000000007860        0x0 ../../../Interrupts_bsp\libhal_bsp.a(alt_release_fd.o)
 .bss           0x0000000000007860        0x0 ../../../Interrupts_bsp\libhal_bsp.a(alt_tick.o)
 .bss           0x0000000000007860        0x0 ../../../Interrupts_bsp\libhal_bsp.a(altera_nios2_gen2_irq.o)
 .bss           0x0000000000007860        0x0 ../../../Interrupts_bsp\libhal_bsp.a(alt_exception_entry.o)
 .bss           0x0000000000007860        0x0 ../../../Interrupts_bsp\libhal_bsp.a(alt_find_file.o)
 .bss           0x0000000000007860        0x0 ../../../Interrupts_bsp\libhal_bsp.a(alt_get_fd.o)
 .bss           0x0000000000007860        0x0 ../../../Interrupts_bsp\libhal_bsp.a(alt_icache_flush.o)
 .bss           0x0000000000007860        0x0 ../../../Interrupts_bsp\libhal_bsp.a(alt_instruction_exception_entry.o)
 .bss           0x0000000000007860        0x0 c:/altera/16.0/nios2eds/bin/gnu/h-x86_64-mingw32/bin/../lib/gcc/nios2-elf/5.2.0/../../../../../H-x86_64-mingw32/nios2-elf/lib/mhw-mulx\libc.a(lib_a-atexit.o)
 .bss           0x0000000000007860        0x0 c:/altera/16.0/nios2eds/bin/gnu/h-x86_64-mingw32/bin/../lib/gcc/nios2-elf/5.2.0/../../../../../H-x86_64-mingw32/nios2-elf/lib/mhw-mulx\libc.a(lib_a-exit.o)
 .bss           0x0000000000007860        0x0 c:/altera/16.0/nios2eds/bin/gnu/h-x86_64-mingw32/bin/../lib/gcc/nios2-elf/5.2.0/../../../../../H-x86_64-mingw32/nios2-elf/lib/mhw-mulx\libc.a(lib_a-impure.o)
 .bss           0x0000000000007860        0x0 c:/altera/16.0/nios2eds/bin/gnu/h-x86_64-mingw32/bin/../lib/gcc/nios2-elf/5.2.0/../../../../../H-x86_64-mingw32/nios2-elf/lib/mhw-mulx\libc.a(lib_a-int_errno.o)
 .bss           0x0000000000007860        0x0 c:/altera/16.0/nios2eds/bin/gnu/h-x86_64-mingw32/bin/../lib/gcc/nios2-elf/5.2.0/../../../../../H-x86_64-mingw32/nios2-elf/lib/mhw-mulx\libc.a(lib_a-memcmp.o)
 .bss           0x0000000000007860        0x0 c:/altera/16.0/nios2eds/bin/gnu/h-x86_64-mingw32/bin/../lib/gcc/nios2-elf/5.2.0/../../../../../H-x86_64-mingw32/nios2-elf/lib/mhw-mulx\libc.a(lib_a-strlen.o)
 .bss           0x0000000000007860        0x0 c:/altera/16.0/nios2eds/bin/gnu/h-x86_64-mingw32/bin/../lib/gcc/nios2-elf/5.2.0/../../../../../H-x86_64-mingw32/nios2-elf/lib/mhw-mulx\libc.a(lib_a-__atexit.o)
 .bss           0x0000000000007860        0x0 c:/altera/16.0/nios2eds/bin/gnu/h-x86_64-mingw32/bin/../lib/gcc/nios2-elf/5.2.0/../../../../../H-x86_64-mingw32/nios2-elf/lib/mhw-mulx\libc.a(lib_a-__call_atexit.o)
 .bss           0x0000000000007860        0x0 ../../../Interrupts_bsp\libhal_bsp.a(alt_exit.o)
 *(COMMON)
 COMMON         0x0000000000007860      0x100 ../../../Interrupts_bsp\libhal_bsp.a(alt_irq_handler.o)
                0x0000000000007860                alt_irq
                0x0000000000007960                . = ALIGN (0x4)
                0x0000000000007960                __bss_end = ABSOLUTE (.)

.SDRAM          0x0000000000007960        0x0
                [!provide]                        PROVIDE (_alt_partition_SDRAM_start, ABSOLUTE (.))
 *(.SDRAM .SDRAM. SDRAM.*)
                0x0000000000007960                . = ALIGN (0x4)
                [!provide]                        PROVIDE (_alt_partition_SDRAM_end, ABSOLUTE (.))
                0x0000000000007960                _end = ABSOLUTE (.)
                0x0000000000007960                end = ABSOLUTE (.)
                0x0000000000007960                __alt_stack_base = ABSOLUTE (.)
                [!provide]                        PROVIDE (_alt_partition_SDRAM_load_addr, LOADADDR (.SDRAM))

.VGA_Subsystem_Char_Buf_Subsystem_Onchip_SRAM
                0x0000000009000000        0x0 load address 0x0000000000007960
                [!provide]                        PROVIDE (_alt_partition_VGA_Subsystem_Char_Buf_Subsystem_Onchip_SRAM_start, ABSOLUTE (.))
 *(.VGA_Subsystem_Char_Buf_Subsystem_Onchip_SRAM .VGA_Subsystem_Char_Buf_Subsystem_Onchip_SRAM. VGA_Subsystem_Char_Buf_Subsystem_Onchip_SRAM.*)
                0x0000000009000000                . = ALIGN (0x4)
                [!provide]                        PROVIDE (_alt_partition_VGA_Subsystem_Char_Buf_Subsystem_Onchip_SRAM_end, ABSOLUTE (.))
                [!provide]                        PROVIDE (_alt_partition_VGA_Subsystem_Char_Buf_Subsystem_Onchip_SRAM_load_addr, LOADADDR (.VGA_Subsystem_Char_Buf_Subsystem_Onchip_SRAM))

.stab
 *(.stab)

.stabstr
 *(.stabstr)

.stab.excl
 *(.stab.excl)

.stab.exclstr
 *(.stab.exclstr)

.stab.index
 *(.stab.index)

.stab.indexstr
 *(.stab.indexstr)

.comment        0x0000000000000000       0x23
 *(.comment)
 .comment       0x0000000000000000       0x23 obj/default/HexDisplay.o
                                         0x24 (size before relaxing)
 .comment       0x0000000000000023       0x24 obj/default/InterruptDemo.o
 .comment       0x0000000000000023       0x24 obj/default/buttonISR.o
 .comment       0x0000000000000023       0x24 obj/default/lcd.o
 .comment       0x0000000000000023       0x24 obj/default/seven_seg_bcd.o
 .comment       0x0000000000000023       0x24 obj/default/seven_seg_hex.o
 .comment       0x0000000000000023       0x24 obj/default/timerISR.o
 .comment       0x0000000000000023       0x24 c:/altera/16.0/nios2eds/bin/gnu/h-x86_64-mingw32/bin/../lib/gcc/nios2-elf/5.2.0/../../../../../H-x86_64-mingw32/nios2-elf/lib/mhw-mulx\libc.a(lib_a-memcpy.o)
 .comment       0x0000000000000023       0x24 ../../../Interrupts_bsp\libhal_bsp.a(alt_irq_register.o)
 .comment       0x0000000000000023       0x24 ../../../Interrupts_bsp\libhal_bsp.a(alt_irq_vars.o)
 .comment       0x0000000000000023       0x24 ../../../Interrupts_bsp\libhal_bsp.a(alt_load.o)
 .comment       0x0000000000000023       0x24 ../../../Interrupts_bsp\libhal_bsp.a(alt_main.o)
 .comment       0x0000000000000023       0x24 ../../../Interrupts_bsp\libhal_bsp.a(alt_sys_init.o)
 .comment       0x0000000000000023       0x24 ../../../Interrupts_bsp\libhal_bsp.a(altera_avalon_jtag_uart_fd.o)
 .comment       0x0000000000000023       0x24 ../../../Interrupts_bsp\libhal_bsp.a(altera_avalon_jtag_uart_init.o)
 .comment       0x0000000000000023       0x24 ../../../Interrupts_bsp\libhal_bsp.a(altera_avalon_jtag_uart_ioctl.o)
 .comment       0x0000000000000023       0x24 ../../../Interrupts_bsp\libhal_bsp.a(altera_avalon_jtag_uart_read.o)
 .comment       0x0000000000000023       0x24 ../../../Interrupts_bsp\libhal_bsp.a(altera_avalon_jtag_uart_write.o)
 .comment       0x0000000000000023       0x24 ../../../Interrupts_bsp\libhal_bsp.a(altera_avalon_timer_sc.o)
 .comment       0x0000000000000023       0x24 ../../../Interrupts_bsp\libhal_bsp.a(altera_up_avalon_character_lcd.o)
 .comment       0x0000000000000023       0x24 ../../../Interrupts_bsp\libhal_bsp.a(altera_up_avalon_irda.o)
 .comment       0x0000000000000023       0x24 ../../../Interrupts_bsp\libhal_bsp.a(altera_up_avalon_ps2.o)
 .comment       0x0000000000000023       0x24 ../../../Interrupts_bsp\libhal_bsp.a(altera_up_avalon_rs232.o)
 .comment       0x0000000000000023       0x24 ../../../Interrupts_bsp\libhal_bsp.a(alt_alarm_start.o)
 .comment       0x0000000000000023       0x24 ../../../Interrupts_bsp\libhal_bsp.a(alt_close.o)
 .comment       0x0000000000000023       0x24 ../../../Interrupts_bsp\libhal_bsp.a(alt_dcache_flush_all.o)
 .comment       0x0000000000000023       0x24 ../../../Interrupts_bsp\libhal_bsp.a(alt_dev.o)
 .comment       0x0000000000000023       0x24 ../../../Interrupts_bsp\libhal_bsp.a(alt_dev_llist_insert.o)
 .comment       0x0000000000000023       0x24 ../../../Interrupts_bsp\libhal_bsp.a(alt_do_ctors.o)
 .comment       0x0000000000000023       0x24 ../../../Interrupts_bsp\libhal_bsp.a(alt_do_dtors.o)
 .comment       0x0000000000000023       0x24 ../../../Interrupts_bsp\libhal_bsp.a(alt_errno.o)
 .comment       0x0000000000000023       0x24 ../../../Interrupts_bsp\libhal_bsp.a(alt_find_dev.o)
 .comment       0x0000000000000023       0x24 ../../../Interrupts_bsp\libhal_bsp.a(alt_icache_flush_all.o)
 .comment       0x0000000000000023       0x24 ../../../Interrupts_bsp\libhal_bsp.a(alt_io_redirect.o)
 .comment       0x0000000000000023       0x24 ../../../Interrupts_bsp\libhal_bsp.a(alt_irq_handler.o)
 .comment       0x0000000000000023       0x24 ../../../Interrupts_bsp\libhal_bsp.a(alt_open.o)
 .comment       0x0000000000000023       0x24 ../../../Interrupts_bsp\libhal_bsp.a(alt_release_fd.o)
 .comment       0x0000000000000023       0x24 ../../../Interrupts_bsp\libhal_bsp.a(alt_tick.o)
 .comment       0x0000000000000023       0x24 ../../../Interrupts_bsp\libhal_bsp.a(altera_nios2_gen2_irq.o)
 .comment       0x0000000000000023       0x24 ../../../Interrupts_bsp\libhal_bsp.a(alt_find_file.o)
 .comment       0x0000000000000023       0x24 ../../../Interrupts_bsp\libhal_bsp.a(alt_get_fd.o)
 .comment       0x0000000000000023       0x24 ../../../Interrupts_bsp\libhal_bsp.a(alt_icache_flush.o)
 .comment       0x0000000000000023       0x24 ../../../Interrupts_bsp\libhal_bsp.a(alt_instruction_exception_entry.o)
 .comment       0x0000000000000023       0x24 c:/altera/16.0/nios2eds/bin/gnu/h-x86_64-mingw32/bin/../lib/gcc/nios2-elf/5.2.0/../../../../../H-x86_64-mingw32/nios2-elf/lib/mhw-mulx\libc.a(lib_a-atexit.o)
 .comment       0x0000000000000023       0x24 c:/altera/16.0/nios2eds/bin/gnu/h-x86_64-mingw32/bin/../lib/gcc/nios2-elf/5.2.0/../../../../../H-x86_64-mingw32/nios2-elf/lib/mhw-mulx\libc.a(lib_a-exit.o)
 .comment       0x0000000000000023       0x24 c:/altera/16.0/nios2eds/bin/gnu/h-x86_64-mingw32/bin/../lib/gcc/nios2-elf/5.2.0/../../../../../H-x86_64-mingw32/nios2-elf/lib/mhw-mulx\libc.a(lib_a-impure.o)
 .comment       0x0000000000000023       0x24 c:/altera/16.0/nios2eds/bin/gnu/h-x86_64-mingw32/bin/../lib/gcc/nios2-elf/5.2.0/../../../../../H-x86_64-mingw32/nios2-elf/lib/mhw-mulx\libc.a(lib_a-int_errno.o)
 .comment       0x0000000000000023       0x24 c:/altera/16.0/nios2eds/bin/gnu/h-x86_64-mingw32/bin/../lib/gcc/nios2-elf/5.2.0/../../../../../H-x86_64-mingw32/nios2-elf/lib/mhw-mulx\libc.a(lib_a-memcmp.o)
 .comment       0x0000000000000023       0x24 c:/altera/16.0/nios2eds/bin/gnu/h-x86_64-mingw32/bin/../lib/gcc/nios2-elf/5.2.0/../../../../../H-x86_64-mingw32/nios2-elf/lib/mhw-mulx\libc.a(lib_a-strlen.o)
 .comment       0x0000000000000023       0x24 c:/altera/16.0/nios2eds/bin/gnu/h-x86_64-mingw32/bin/../lib/gcc/nios2-elf/5.2.0/../../../../../H-x86_64-mingw32/nios2-elf/lib/mhw-mulx\libc.a(lib_a-__atexit.o)
 .comment       0x0000000000000023       0x24 c:/altera/16.0/nios2eds/bin/gnu/h-x86_64-mingw32/bin/../lib/gcc/nios2-elf/5.2.0/../../../../../H-x86_64-mingw32/nios2-elf/lib/mhw-mulx\libc.a(lib_a-__call_atexit.o)
 .comment       0x0000000000000023       0x24 ../../../Interrupts_bsp\libhal_bsp.a(alt_exit.o)

.debug
 *(.debug)

.line
 *(.line)

.debug_srcinfo
 *(.debug_srcinfo)

.debug_sfnames
 *(.debug_sfnames)

.debug_aranges  0x0000000000000000      0x6f8
 *(.debug_aranges)
 .debug_aranges
                0x0000000000000000       0x28 ../../../Interrupts_bsp/obj/HAL/src/crt0.o
 .debug_aranges
                0x0000000000000028       0x20 obj/default/HexDisplay.o
 .debug_aranges
                0x0000000000000048       0x20 obj/default/InterruptDemo.o
 .debug_aranges
                0x0000000000000068       0x20 obj/default/buttonISR.o
 .debug_aranges
                0x0000000000000088       0x20 obj/default/lcd.o
 .debug_aranges
                0x00000000000000a8       0x20 obj/default/seven_seg_bcd.o
 .debug_aranges
                0x00000000000000c8       0x20 obj/default/seven_seg_hex.o
 .debug_aranges
                0x00000000000000e8       0x20 obj/default/timerISR.o
 .debug_aranges
                0x0000000000000108       0x20 c:/altera/16.0/nios2eds/bin/gnu/h-x86_64-mingw32/bin/../lib/gcc/nios2-elf/5.2.0/../../../../../H-x86_64-mingw32/nios2-elf/lib/mhw-mulx\libc.a(lib_a-memcpy.o)
 .debug_aranges
                0x0000000000000128       0x20 ../../../Interrupts_bsp\libhal_bsp.a(alt_irq_register.o)
 .debug_aranges
                0x0000000000000148       0x18 ../../../Interrupts_bsp\libhal_bsp.a(alt_irq_vars.o)
 .debug_aranges
                0x0000000000000160       0x20 ../../../Interrupts_bsp\libhal_bsp.a(alt_load.o)
 .debug_aranges
                0x0000000000000180       0x20 ../../../Interrupts_bsp\libhal_bsp.a(alt_main.o)
 .debug_aranges
                0x00000000000001a0       0x20 ../../../Interrupts_bsp\libhal_bsp.a(alt_sys_init.o)
 .debug_aranges
                0x00000000000001c0       0x20 ../../../Interrupts_bsp\libhal_bsp.a(altera_avalon_jtag_uart_fd.o)
 .debug_aranges
                0x00000000000001e0       0x20 ../../../Interrupts_bsp\libhal_bsp.a(altera_avalon_jtag_uart_init.o)
 .debug_aranges
                0x0000000000000200       0x20 ../../../Interrupts_bsp\libhal_bsp.a(altera_avalon_jtag_uart_ioctl.o)
 .debug_aranges
                0x0000000000000220       0x20 ../../../Interrupts_bsp\libhal_bsp.a(altera_avalon_jtag_uart_read.o)
 .debug_aranges
                0x0000000000000240       0x20 ../../../Interrupts_bsp\libhal_bsp.a(altera_avalon_jtag_uart_write.o)
 .debug_aranges
                0x0000000000000260       0x20 ../../../Interrupts_bsp\libhal_bsp.a(altera_avalon_timer_sc.o)
 .debug_aranges
                0x0000000000000280       0x20 ../../../Interrupts_bsp\libhal_bsp.a(altera_up_avalon_character_lcd.o)
 .debug_aranges
                0x00000000000002a0       0x20 ../../../Interrupts_bsp\libhal_bsp.a(altera_up_avalon_irda.o)
 .debug_aranges
                0x00000000000002c0       0x20 ../../../Interrupts_bsp\libhal_bsp.a(altera_up_avalon_ps2.o)
 .debug_aranges
                0x00000000000002e0       0x20 ../../../Interrupts_bsp\libhal_bsp.a(altera_up_avalon_rs232.o)
 .debug_aranges
                0x0000000000000300       0x20 ../../../Interrupts_bsp\libhal_bsp.a(alt_alarm_start.o)
 .debug_aranges
                0x0000000000000320       0x20 ../../../Interrupts_bsp\libhal_bsp.a(alt_close.o)
 .debug_aranges
                0x0000000000000340       0x20 ../../../Interrupts_bsp\libhal_bsp.a(alt_dcache_flush_all.o)
 .debug_aranges
                0x0000000000000360       0x20 ../../../Interrupts_bsp\libhal_bsp.a(alt_dev.o)
 .debug_aranges
                0x0000000000000380       0x20 ../../../Interrupts_bsp\libhal_bsp.a(alt_dev_llist_insert.o)
 .debug_aranges
                0x00000000000003a0       0x20 ../../../Interrupts_bsp\libhal_bsp.a(alt_do_ctors.o)
 .debug_aranges
                0x00000000000003c0       0x20 ../../../Interrupts_bsp\libhal_bsp.a(alt_do_dtors.o)
 .debug_aranges
                0x00000000000003e0       0x18 ../../../Interrupts_bsp\libhal_bsp.a(alt_errno.o)
 .debug_aranges
                0x00000000000003f8       0x20 ../../../Interrupts_bsp\libhal_bsp.a(alt_find_dev.o)
 .debug_aranges
                0x0000000000000418       0x20 ../../../Interrupts_bsp\libhal_bsp.a(alt_icache_flush_all.o)
 .debug_aranges
                0x0000000000000438       0x20 ../../../Interrupts_bsp\libhal_bsp.a(alt_io_redirect.o)
 .debug_aranges
                0x0000000000000458       0x30 ../../../Interrupts_bsp\libhal_bsp.a(alt_irq_entry.o)
 .debug_aranges
                0x0000000000000488       0x20 ../../../Interrupts_bsp\libhal_bsp.a(alt_irq_handler.o)
 .debug_aranges
                0x00000000000004a8       0x20 ../../../Interrupts_bsp\libhal_bsp.a(alt_open.o)
 .debug_aranges
                0x00000000000004c8       0x20 ../../../Interrupts_bsp\libhal_bsp.a(alt_release_fd.o)
 .debug_aranges
                0x00000000000004e8       0x20 ../../../Interrupts_bsp\libhal_bsp.a(alt_tick.o)
 .debug_aranges
                0x0000000000000508       0x20 ../../../Interrupts_bsp\libhal_bsp.a(altera_nios2_gen2_irq.o)
 .debug_aranges
                0x0000000000000528       0x38 ../../../Interrupts_bsp\libhal_bsp.a(alt_exception_entry.o)
 .debug_aranges
                0x0000000000000560       0x20 ../../../Interrupts_bsp\libhal_bsp.a(alt_find_file.o)
 .debug_aranges
                0x0000000000000580       0x20 ../../../Interrupts_bsp\libhal_bsp.a(alt_get_fd.o)
 .debug_aranges
                0x00000000000005a0       0x20 ../../../Interrupts_bsp\libhal_bsp.a(alt_icache_flush.o)
 .debug_aranges
                0x00000000000005c0       0x28 ../../../Interrupts_bsp\libhal_bsp.a(alt_instruction_exception_entry.o)
 .debug_aranges
                0x00000000000005e8       0x20 c:/altera/16.0/nios2eds/bin/gnu/h-x86_64-mingw32/bin/../lib/gcc/nios2-elf/5.2.0/../../../../../H-x86_64-mingw32/nios2-elf/lib/mhw-mulx\libc.a(lib_a-atexit.o)
 .debug_aranges
                0x0000000000000608       0x20 c:/altera/16.0/nios2eds/bin/gnu/h-x86_64-mingw32/bin/../lib/gcc/nios2-elf/5.2.0/../../../../../H-x86_64-mingw32/nios2-elf/lib/mhw-mulx\libc.a(lib_a-exit.o)
 .debug_aranges
                0x0000000000000628       0x18 c:/altera/16.0/nios2eds/bin/gnu/h-x86_64-mingw32/bin/../lib/gcc/nios2-elf/5.2.0/../../../../../H-x86_64-mingw32/nios2-elf/lib/mhw-mulx\libc.a(lib_a-impure.o)
 .debug_aranges
                0x0000000000000640       0x18 c:/altera/16.0/nios2eds/bin/gnu/h-x86_64-mingw32/bin/../lib/gcc/nios2-elf/5.2.0/../../../../../H-x86_64-mingw32/nios2-elf/lib/mhw-mulx\libc.a(lib_a-int_errno.o)
 .debug_aranges
                0x0000000000000658       0x20 c:/altera/16.0/nios2eds/bin/gnu/h-x86_64-mingw32/bin/../lib/gcc/nios2-elf/5.2.0/../../../../../H-x86_64-mingw32/nios2-elf/lib/mhw-mulx\libc.a(lib_a-memcmp.o)
 .debug_aranges
                0x0000000000000678       0x20 c:/altera/16.0/nios2eds/bin/gnu/h-x86_64-mingw32/bin/../lib/gcc/nios2-elf/5.2.0/../../../../../H-x86_64-mingw32/nios2-elf/lib/mhw-mulx\libc.a(lib_a-strlen.o)
 .debug_aranges
                0x0000000000000698       0x20 c:/altera/16.0/nios2eds/bin/gnu/h-x86_64-mingw32/bin/../lib/gcc/nios2-elf/5.2.0/../../../../../H-x86_64-mingw32/nios2-elf/lib/mhw-mulx\libc.a(lib_a-__atexit.o)
 .debug_aranges
                0x00000000000006b8       0x20 c:/altera/16.0/nios2eds/bin/gnu/h-x86_64-mingw32/bin/../lib/gcc/nios2-elf/5.2.0/../../../../../H-x86_64-mingw32/nios2-elf/lib/mhw-mulx\libc.a(lib_a-__call_atexit.o)
 .debug_aranges
                0x00000000000006d8       0x20 ../../../Interrupts_bsp\libhal_bsp.a(alt_exit.o)

.debug_pubnames
 *(.debug_pubnames)

.debug_info     0x0000000000000000     0x999f
 *(.debug_info .gnu.linkonce.wi.*)
 .debug_info    0x0000000000000000       0x5a ../../../Interrupts_bsp/obj/HAL/src/crt0.o
 .debug_info    0x000000000000005a       0xec obj/default/HexDisplay.o
 .debug_info    0x0000000000000146       0xf1 obj/default/InterruptDemo.o
 .debug_info    0x0000000000000237       0xe8 obj/default/buttonISR.o
 .debug_info    0x000000000000031f       0xe1 obj/default/lcd.o
 .debug_info    0x0000000000000400      0x14b obj/default/seven_seg_bcd.o
 .debug_info    0x000000000000054b      0x143 obj/default/seven_seg_hex.o
 .debug_info    0x000000000000068e       0xbb obj/default/timerISR.o
 .debug_info    0x0000000000000749      0x144 c:/altera/16.0/nios2eds/bin/gnu/h-x86_64-mingw32/bin/../lib/gcc/nios2-elf/5.2.0/../../../../../H-x86_64-mingw32/nios2-elf/lib/mhw-mulx\libc.a(lib_a-memcpy.o)
 .debug_info    0x000000000000088d      0x329 ../../../Interrupts_bsp\libhal_bsp.a(alt_irq_register.o)
 .debug_info    0x0000000000000bb6       0x88 ../../../Interrupts_bsp\libhal_bsp.a(alt_irq_vars.o)
 .debug_info    0x0000000000000c3e      0x145 ../../../Interrupts_bsp\libhal_bsp.a(alt_load.o)
 .debug_info    0x0000000000000d83      0x157 ../../../Interrupts_bsp\libhal_bsp.a(alt_main.o)
 .debug_info    0x0000000000000eda      0x959 ../../../Interrupts_bsp\libhal_bsp.a(alt_sys_init.o)
 .debug_info    0x0000000000001833      0x52e ../../../Interrupts_bsp\libhal_bsp.a(altera_avalon_jtag_uart_fd.o)
 .debug_info    0x0000000000001d61      0x3c3 ../../../Interrupts_bsp\libhal_bsp.a(altera_avalon_jtag_uart_init.o)
 .debug_info    0x0000000000002124      0x280 ../../../Interrupts_bsp\libhal_bsp.a(altera_avalon_jtag_uart_ioctl.o)
 .debug_info    0x00000000000023a4      0x35b ../../../Interrupts_bsp\libhal_bsp.a(altera_avalon_jtag_uart_read.o)
 .debug_info    0x00000000000026ff      0x356 ../../../Interrupts_bsp\libhal_bsp.a(altera_avalon_jtag_uart_write.o)
 .debug_info    0x0000000000002a55      0x249 ../../../Interrupts_bsp\libhal_bsp.a(altera_avalon_timer_sc.o)
 .debug_info    0x0000000000002c9e      0x601 ../../../Interrupts_bsp\libhal_bsp.a(altera_up_avalon_character_lcd.o)
 .debug_info    0x000000000000329f      0x568 ../../../Interrupts_bsp\libhal_bsp.a(altera_up_avalon_irda.o)
 .debug_info    0x0000000000003807      0x7d4 ../../../Interrupts_bsp\libhal_bsp.a(altera_up_avalon_ps2.o)
 .debug_info    0x0000000000003fdb      0x568 ../../../Interrupts_bsp\libhal_bsp.a(altera_up_avalon_rs232.o)
 .debug_info    0x0000000000004543      0x2e2 ../../../Interrupts_bsp\libhal_bsp.a(alt_alarm_start.o)
 .debug_info    0x0000000000004825      0x321 ../../../Interrupts_bsp\libhal_bsp.a(alt_close.o)
 .debug_info    0x0000000000004b46       0x92 ../../../Interrupts_bsp\libhal_bsp.a(alt_dcache_flush_all.o)
 .debug_info    0x0000000000004bd8      0x49c ../../../Interrupts_bsp\libhal_bsp.a(alt_dev.o)
 .debug_info    0x0000000000005074      0x1a9 ../../../Interrupts_bsp\libhal_bsp.a(alt_dev_llist_insert.o)
 .debug_info    0x000000000000521d       0x83 ../../../Interrupts_bsp\libhal_bsp.a(alt_do_ctors.o)
 .debug_info    0x00000000000052a0       0x83 ../../../Interrupts_bsp\libhal_bsp.a(alt_do_dtors.o)
 .debug_info    0x0000000000005323       0xa6 ../../../Interrupts_bsp\libhal_bsp.a(alt_errno.o)
 .debug_info    0x00000000000053c9      0x2e9 ../../../Interrupts_bsp\libhal_bsp.a(alt_find_dev.o)
 .debug_info    0x00000000000056b2       0x92 ../../../Interrupts_bsp\libhal_bsp.a(alt_icache_flush_all.o)
 .debug_info    0x0000000000005744      0x4a5 ../../../Interrupts_bsp\libhal_bsp.a(alt_io_redirect.o)
 .debug_info    0x0000000000005be9       0x63 ../../../Interrupts_bsp\libhal_bsp.a(alt_irq_entry.o)
 .debug_info    0x0000000000005c4c      0x1a7 ../../../Interrupts_bsp\libhal_bsp.a(alt_irq_handler.o)
 .debug_info    0x0000000000005df3      0x3bb ../../../Interrupts_bsp\libhal_bsp.a(alt_open.o)
 .debug_info    0x00000000000061ae      0x2b0 ../../../Interrupts_bsp\libhal_bsp.a(alt_release_fd.o)
 .debug_info    0x000000000000645e      0x2af ../../../Interrupts_bsp\libhal_bsp.a(alt_tick.o)
 .debug_info    0x000000000000670d       0xb8 ../../../Interrupts_bsp\libhal_bsp.a(altera_nios2_gen2_irq.o)
 .debug_info    0x00000000000067c5       0x69 ../../../Interrupts_bsp\libhal_bsp.a(alt_exception_entry.o)
 .debug_info    0x000000000000682e      0x2e6 ../../../Interrupts_bsp\libhal_bsp.a(alt_find_file.o)
 .debug_info    0x0000000000006b14      0x310 ../../../Interrupts_bsp\libhal_bsp.a(alt_get_fd.o)
 .debug_info    0x0000000000006e24       0xdc ../../../Interrupts_bsp\libhal_bsp.a(alt_icache_flush.o)
 .debug_info    0x0000000000006f00      0x1e7 ../../../Interrupts_bsp\libhal_bsp.a(alt_instruction_exception_entry.o)
 .debug_info    0x00000000000070e7       0xfe c:/altera/16.0/nios2eds/bin/gnu/h-x86_64-mingw32/bin/../lib/gcc/nios2-elf/5.2.0/../../../../../H-x86_64-mingw32/nios2-elf/lib/mhw-mulx\libc.a(lib_a-atexit.o)
 .debug_info    0x00000000000071e5      0x8e4 c:/altera/16.0/nios2eds/bin/gnu/h-x86_64-mingw32/bin/../lib/gcc/nios2-elf/5.2.0/../../../../../H-x86_64-mingw32/nios2-elf/lib/mhw-mulx\libc.a(lib_a-exit.o)
 .debug_info    0x0000000000007ac9      0x8a1 c:/altera/16.0/nios2eds/bin/gnu/h-x86_64-mingw32/bin/../lib/gcc/nios2-elf/5.2.0/../../../../../H-x86_64-mingw32/nios2-elf/lib/mhw-mulx\libc.a(lib_a-impure.o)
 .debug_info    0x000000000000836a       0x8a c:/altera/16.0/nios2eds/bin/gnu/h-x86_64-mingw32/bin/../lib/gcc/nios2-elf/5.2.0/../../../../../H-x86_64-mingw32/nios2-elf/lib/mhw-mulx\libc.a(lib_a-int_errno.o)
 .debug_info    0x00000000000083f4      0x11a c:/altera/16.0/nios2eds/bin/gnu/h-x86_64-mingw32/bin/../lib/gcc/nios2-elf/5.2.0/../../../../../H-x86_64-mingw32/nios2-elf/lib/mhw-mulx\libc.a(lib_a-memcmp.o)
 .debug_info    0x000000000000850e       0xe2 c:/altera/16.0/nios2eds/bin/gnu/h-x86_64-mingw32/bin/../lib/gcc/nios2-elf/5.2.0/../../../../../H-x86_64-mingw32/nios2-elf/lib/mhw-mulx\libc.a(lib_a-strlen.o)
 .debug_info    0x00000000000085f0      0x934 c:/altera/16.0/nios2eds/bin/gnu/h-x86_64-mingw32/bin/../lib/gcc/nios2-elf/5.2.0/../../../../../H-x86_64-mingw32/nios2-elf/lib/mhw-mulx\libc.a(lib_a-__atexit.o)
 .debug_info    0x0000000000008f24      0x965 c:/altera/16.0/nios2eds/bin/gnu/h-x86_64-mingw32/bin/../lib/gcc/nios2-elf/5.2.0/../../../../../H-x86_64-mingw32/nios2-elf/lib/mhw-mulx\libc.a(lib_a-__call_atexit.o)
 .debug_info    0x0000000000009889      0x116 ../../../Interrupts_bsp\libhal_bsp.a(alt_exit.o)

.debug_abbrev   0x0000000000000000     0x3309
 *(.debug_abbrev)
 .debug_abbrev  0x0000000000000000       0x12 ../../../Interrupts_bsp/obj/HAL/src/crt0.o
 .debug_abbrev  0x0000000000000012       0xaa obj/default/HexDisplay.o
 .debug_abbrev  0x00000000000000bc       0x83 obj/default/InterruptDemo.o
 .debug_abbrev  0x000000000000013f       0x94 obj/default/buttonISR.o
 .debug_abbrev  0x00000000000001d3       0x99 obj/default/lcd.o
 .debug_abbrev  0x000000000000026c       0xaf obj/default/seven_seg_bcd.o
 .debug_abbrev  0x000000000000031b       0xa8 obj/default/seven_seg_hex.o
 .debug_abbrev  0x00000000000003c3       0x83 obj/default/timerISR.o
 .debug_abbrev  0x0000000000000446       0xa3 c:/altera/16.0/nios2eds/bin/gnu/h-x86_64-mingw32/bin/../lib/gcc/nios2-elf/5.2.0/../../../../../H-x86_64-mingw32/nios2-elf/lib/mhw-mulx\libc.a(lib_a-memcpy.o)
 .debug_abbrev  0x00000000000004e9      0x186 ../../../Interrupts_bsp\libhal_bsp.a(alt_irq_register.o)
 .debug_abbrev  0x000000000000066f       0x40 ../../../Interrupts_bsp\libhal_bsp.a(alt_irq_vars.o)
 .debug_abbrev  0x00000000000006af       0x9f ../../../Interrupts_bsp\libhal_bsp.a(alt_load.o)
 .debug_abbrev  0x000000000000074e       0xc1 ../../../Interrupts_bsp\libhal_bsp.a(alt_main.o)
 .debug_abbrev  0x000000000000080f      0x19f ../../../Interrupts_bsp\libhal_bsp.a(alt_sys_init.o)
 .debug_abbrev  0x00000000000009ae      0x127 ../../../Interrupts_bsp\libhal_bsp.a(altera_avalon_jtag_uart_fd.o)
 .debug_abbrev  0x0000000000000ad5      0x19e ../../../Interrupts_bsp\libhal_bsp.a(altera_avalon_jtag_uart_init.o)
 .debug_abbrev  0x0000000000000c73      0x111 ../../../Interrupts_bsp\libhal_bsp.a(altera_avalon_jtag_uart_ioctl.o)
 .debug_abbrev  0x0000000000000d84      0x1aa ../../../Interrupts_bsp\libhal_bsp.a(altera_avalon_jtag_uart_read.o)
 .debug_abbrev  0x0000000000000f2e      0x1a8 ../../../Interrupts_bsp\libhal_bsp.a(altera_avalon_jtag_uart_write.o)
 .debug_abbrev  0x00000000000010d6      0x155 ../../../Interrupts_bsp\libhal_bsp.a(altera_avalon_timer_sc.o)
 .debug_abbrev  0x000000000000122b      0x156 ../../../Interrupts_bsp\libhal_bsp.a(altera_up_avalon_character_lcd.o)
 .debug_abbrev  0x0000000000001381      0x135 ../../../Interrupts_bsp\libhal_bsp.a(altera_up_avalon_irda.o)
 .debug_abbrev  0x00000000000014b6      0x1a1 ../../../Interrupts_bsp\libhal_bsp.a(altera_up_avalon_ps2.o)
 .debug_abbrev  0x0000000000001657      0x135 ../../../Interrupts_bsp\libhal_bsp.a(altera_up_avalon_rs232.o)
 .debug_abbrev  0x000000000000178c      0x162 ../../../Interrupts_bsp\libhal_bsp.a(alt_alarm_start.o)
 .debug_abbrev  0x00000000000018ee      0x11f ../../../Interrupts_bsp\libhal_bsp.a(alt_close.o)
 .debug_abbrev  0x0000000000001a0d       0x42 ../../../Interrupts_bsp\libhal_bsp.a(alt_dcache_flush_all.o)
 .debug_abbrev  0x0000000000001a4f       0xd9 ../../../Interrupts_bsp\libhal_bsp.a(alt_dev.o)
 .debug_abbrev  0x0000000000001b28      0x114 ../../../Interrupts_bsp\libhal_bsp.a(alt_dev_llist_insert.o)
 .debug_abbrev  0x0000000000001c3c       0x79 ../../../Interrupts_bsp\libhal_bsp.a(alt_do_ctors.o)
 .debug_abbrev  0x0000000000001cb5       0x79 ../../../Interrupts_bsp\libhal_bsp.a(alt_do_dtors.o)
 .debug_abbrev  0x0000000000001d2e       0x5a ../../../Interrupts_bsp\libhal_bsp.a(alt_errno.o)
 .debug_abbrev  0x0000000000001d88       0xf0 ../../../Interrupts_bsp\libhal_bsp.a(alt_find_dev.o)
 .debug_abbrev  0x0000000000001e78       0x42 ../../../Interrupts_bsp\libhal_bsp.a(alt_icache_flush_all.o)
 .debug_abbrev  0x0000000000001eba      0x114 ../../../Interrupts_bsp\libhal_bsp.a(alt_io_redirect.o)
 .debug_abbrev  0x0000000000001fce       0x12 ../../../Interrupts_bsp\libhal_bsp.a(alt_irq_entry.o)
 .debug_abbrev  0x0000000000001fe0      0x13a ../../../Interrupts_bsp\libhal_bsp.a(alt_irq_handler.o)
 .debug_abbrev  0x000000000000211a      0x148 ../../../Interrupts_bsp\libhal_bsp.a(alt_open.o)
 .debug_abbrev  0x0000000000002262       0xde ../../../Interrupts_bsp\libhal_bsp.a(alt_release_fd.o)
 .debug_abbrev  0x0000000000002340      0x16b ../../../Interrupts_bsp\libhal_bsp.a(alt_tick.o)
 .debug_abbrev  0x00000000000024ab       0x67 ../../../Interrupts_bsp\libhal_bsp.a(altera_nios2_gen2_irq.o)
 .debug_abbrev  0x0000000000002512       0x12 ../../../Interrupts_bsp\libhal_bsp.a(alt_exception_entry.o)
 .debug_abbrev  0x0000000000002524       0xf0 ../../../Interrupts_bsp\libhal_bsp.a(alt_find_file.o)
 .debug_abbrev  0x0000000000002614      0x10d ../../../Interrupts_bsp\libhal_bsp.a(alt_get_fd.o)
 .debug_abbrev  0x0000000000002721       0x8c ../../../Interrupts_bsp\libhal_bsp.a(alt_icache_flush.o)
 .debug_abbrev  0x00000000000027ad       0xdc ../../../Interrupts_bsp\libhal_bsp.a(alt_instruction_exception_entry.o)
 .debug_abbrev  0x0000000000002889       0xaa c:/altera/16.0/nios2eds/bin/gnu/h-x86_64-mingw32/bin/../lib/gcc/nios2-elf/5.2.0/../../../../../H-x86_64-mingw32/nios2-elf/lib/mhw-mulx\libc.a(lib_a-atexit.o)
 .debug_abbrev  0x0000000000002933      0x1e5 c:/altera/16.0/nios2eds/bin/gnu/h-x86_64-mingw32/bin/../lib/gcc/nios2-elf/5.2.0/../../../../../H-x86_64-mingw32/nios2-elf/lib/mhw-mulx\libc.a(lib_a-exit.o)
 .debug_abbrev  0x0000000000002b18      0x18f c:/altera/16.0/nios2eds/bin/gnu/h-x86_64-mingw32/bin/../lib/gcc/nios2-elf/5.2.0/../../../../../H-x86_64-mingw32/nios2-elf/lib/mhw-mulx\libc.a(lib_a-impure.o)
 .debug_abbrev  0x0000000000002ca7       0x37 c:/altera/16.0/nios2eds/bin/gnu/h-x86_64-mingw32/bin/../lib/gcc/nios2-elf/5.2.0/../../../../../H-x86_64-mingw32/nios2-elf/lib/mhw-mulx\libc.a(lib_a-int_errno.o)
 .debug_abbrev  0x0000000000002cde       0x7f c:/altera/16.0/nios2eds/bin/gnu/h-x86_64-mingw32/bin/../lib/gcc/nios2-elf/5.2.0/../../../../../H-x86_64-mingw32/nios2-elf/lib/mhw-mulx\libc.a(lib_a-memcmp.o)
 .debug_abbrev  0x0000000000002d5d       0x90 c:/altera/16.0/nios2eds/bin/gnu/h-x86_64-mingw32/bin/../lib/gcc/nios2-elf/5.2.0/../../../../../H-x86_64-mingw32/nios2-elf/lib/mhw-mulx\libc.a(lib_a-strlen.o)
 .debug_abbrev  0x0000000000002ded      0x21e c:/altera/16.0/nios2eds/bin/gnu/h-x86_64-mingw32/bin/../lib/gcc/nios2-elf/5.2.0/../../../../../H-x86_64-mingw32/nios2-elf/lib/mhw-mulx\libc.a(lib_a-__atexit.o)
 .debug_abbrev  0x000000000000300b      0x22e c:/altera/16.0/nios2eds/bin/gnu/h-x86_64-mingw32/bin/../lib/gcc/nios2-elf/5.2.0/../../../../../H-x86_64-mingw32/nios2-elf/lib/mhw-mulx\libc.a(lib_a-__call_atexit.o)
 .debug_abbrev  0x0000000000003239       0xd0 ../../../Interrupts_bsp\libhal_bsp.a(alt_exit.o)

.debug_line     0x0000000000000000     0x36c1
 *(.debug_line)
 .debug_line    0x0000000000000000       0x6c ../../../Interrupts_bsp/obj/HAL/src/crt0.o
 .debug_line    0x000000000000006c       0x7c obj/default/HexDisplay.o
 .debug_line    0x00000000000000e8       0xb5 obj/default/InterruptDemo.o
 .debug_line    0x000000000000019d       0x8f obj/default/buttonISR.o
 .debug_line    0x000000000000022c       0x52 obj/default/lcd.o
 .debug_line    0x000000000000027e      0x129 obj/default/seven_seg_bcd.o
 .debug_line    0x00000000000003a7       0xa0 obj/default/seven_seg_hex.o
 .debug_line    0x0000000000000447       0x72 obj/default/timerISR.o
 .debug_line    0x00000000000004b9      0x18c c:/altera/16.0/nios2eds/bin/gnu/h-x86_64-mingw32/bin/../lib/gcc/nios2-elf/5.2.0/../../../../../H-x86_64-mingw32/nios2-elf/lib/mhw-mulx\libc.a(lib_a-memcpy.o)
 .debug_line    0x0000000000000645      0x159 ../../../Interrupts_bsp\libhal_bsp.a(alt_irq_register.o)
 .debug_line    0x000000000000079e       0x50 ../../../Interrupts_bsp\libhal_bsp.a(alt_irq_vars.o)
 .debug_line    0x00000000000007ee       0x8e ../../../Interrupts_bsp\libhal_bsp.a(alt_load.o)
 .debug_line    0x000000000000087c       0xd1 ../../../Interrupts_bsp\libhal_bsp.a(alt_main.o)
 .debug_line    0x000000000000094d      0x2f2 ../../../Interrupts_bsp\libhal_bsp.a(alt_sys_init.o)
 .debug_line    0x0000000000000c3f      0x12f ../../../Interrupts_bsp\libhal_bsp.a(altera_avalon_jtag_uart_fd.o)
 .debug_line    0x0000000000000d6e      0x19f ../../../Interrupts_bsp\libhal_bsp.a(altera_avalon_jtag_uart_init.o)
 .debug_line    0x0000000000000f0d      0x131 ../../../Interrupts_bsp\libhal_bsp.a(altera_avalon_jtag_uart_ioctl.o)
 .debug_line    0x000000000000103e      0x185 ../../../Interrupts_bsp\libhal_bsp.a(altera_avalon_jtag_uart_read.o)
 .debug_line    0x00000000000011c3      0x184 ../../../Interrupts_bsp\libhal_bsp.a(altera_avalon_jtag_uart_write.o)
 .debug_line    0x0000000000001347      0x113 ../../../Interrupts_bsp\libhal_bsp.a(altera_avalon_timer_sc.o)
 .debug_line    0x000000000000145a      0x1c4 ../../../Interrupts_bsp\libhal_bsp.a(altera_up_avalon_character_lcd.o)
 .debug_line    0x000000000000161e      0x13d ../../../Interrupts_bsp\libhal_bsp.a(altera_up_avalon_irda.o)
 .debug_line    0x000000000000175b      0x1a6 ../../../Interrupts_bsp\libhal_bsp.a(altera_up_avalon_ps2.o)
 .debug_line    0x0000000000001901      0x13f ../../../Interrupts_bsp\libhal_bsp.a(altera_up_avalon_rs232.o)
 .debug_line    0x0000000000001a40      0x10e ../../../Interrupts_bsp\libhal_bsp.a(alt_alarm_start.o)
 .debug_line    0x0000000000001b4e      0x15e ../../../Interrupts_bsp\libhal_bsp.a(alt_close.o)
 .debug_line    0x0000000000001cac       0x51 ../../../Interrupts_bsp\libhal_bsp.a(alt_dcache_flush_all.o)
 .debug_line    0x0000000000001cfd       0xf0 ../../../Interrupts_bsp\libhal_bsp.a(alt_dev.o)
 .debug_line    0x0000000000001ded       0xd0 ../../../Interrupts_bsp\libhal_bsp.a(alt_dev_llist_insert.o)
 .debug_line    0x0000000000001ebd       0x59 ../../../Interrupts_bsp\libhal_bsp.a(alt_do_ctors.o)
 .debug_line    0x0000000000001f16       0x59 ../../../Interrupts_bsp\libhal_bsp.a(alt_do_dtors.o)
 .debug_line    0x0000000000001f6f       0x51 ../../../Interrupts_bsp\libhal_bsp.a(alt_errno.o)
 .debug_line    0x0000000000001fc0       0xb5 ../../../Interrupts_bsp\libhal_bsp.a(alt_find_dev.o)
 .debug_line    0x0000000000002075       0x50 ../../../Interrupts_bsp\libhal_bsp.a(alt_icache_flush_all.o)
 .debug_line    0x00000000000020c5      0x12b ../../../Interrupts_bsp\libhal_bsp.a(alt_io_redirect.o)
 .debug_line    0x00000000000021f0       0x6b ../../../Interrupts_bsp\libhal_bsp.a(alt_irq_entry.o)
 .debug_line    0x000000000000225b       0xcd ../../../Interrupts_bsp\libhal_bsp.a(alt_irq_handler.o)
 .debug_line    0x0000000000002328      0x12a ../../../Interrupts_bsp\libhal_bsp.a(alt_open.o)
 .debug_line    0x0000000000002452       0xae ../../../Interrupts_bsp\libhal_bsp.a(alt_release_fd.o)
 .debug_line    0x0000000000002500      0x113 ../../../Interrupts_bsp\libhal_bsp.a(alt_tick.o)
 .debug_line    0x0000000000002613       0x8d ../../../Interrupts_bsp\libhal_bsp.a(altera_nios2_gen2_irq.o)
 .debug_line    0x00000000000026a0       0xb3 ../../../Interrupts_bsp\libhal_bsp.a(alt_exception_entry.o)
 .debug_line    0x0000000000002753       0xd1 ../../../Interrupts_bsp\libhal_bsp.a(alt_find_file.o)
 .debug_line    0x0000000000002824       0xd5 ../../../Interrupts_bsp\libhal_bsp.a(alt_get_fd.o)
 .debug_line    0x00000000000028f9       0x81 ../../../Interrupts_bsp\libhal_bsp.a(alt_icache_flush.o)
 .debug_line    0x000000000000297a       0xba ../../../Interrupts_bsp\libhal_bsp.a(alt_instruction_exception_entry.o)
 .debug_line    0x0000000000002a34       0xe7 c:/altera/16.0/nios2eds/bin/gnu/h-x86_64-mingw32/bin/../lib/gcc/nios2-elf/5.2.0/../../../../../H-x86_64-mingw32/nios2-elf/lib/mhw-mulx\libc.a(lib_a-atexit.o)
 .debug_line    0x0000000000002b1b      0x1fc c:/altera/16.0/nios2eds/bin/gnu/h-x86_64-mingw32/bin/../lib/gcc/nios2-elf/5.2.0/../../../../../H-x86_64-mingw32/nios2-elf/lib/mhw-mulx\libc.a(lib_a-exit.o)
 .debug_line    0x0000000000002d17      0x160 c:/altera/16.0/nios2eds/bin/gnu/h-x86_64-mingw32/bin/../lib/gcc/nios2-elf/5.2.0/../../../../../H-x86_64-mingw32/nios2-elf/lib/mhw-mulx\libc.a(lib_a-impure.o)
 .debug_line    0x0000000000002e77       0x5f c:/altera/16.0/nios2eds/bin/gnu/h-x86_64-mingw32/bin/../lib/gcc/nios2-elf/5.2.0/../../../../../H-x86_64-mingw32/nios2-elf/lib/mhw-mulx\libc.a(lib_a-int_errno.o)
 .debug_line    0x0000000000002ed6      0x176 c:/altera/16.0/nios2eds/bin/gnu/h-x86_64-mingw32/bin/../lib/gcc/nios2-elf/5.2.0/../../../../../H-x86_64-mingw32/nios2-elf/lib/mhw-mulx\libc.a(lib_a-memcmp.o)
 .debug_line    0x000000000000304c      0x16f c:/altera/16.0/nios2eds/bin/gnu/h-x86_64-mingw32/bin/../lib/gcc/nios2-elf/5.2.0/../../../../../H-x86_64-mingw32/nios2-elf/lib/mhw-mulx\libc.a(lib_a-strlen.o)
 .debug_line    0x00000000000031bb      0x21f c:/altera/16.0/nios2eds/bin/gnu/h-x86_64-mingw32/bin/../lib/gcc/nios2-elf/5.2.0/../../../../../H-x86_64-mingw32/nios2-elf/lib/mhw-mulx\libc.a(lib_a-__atexit.o)
 .debug_line    0x00000000000033da      0x23a c:/altera/16.0/nios2eds/bin/gnu/h-x86_64-mingw32/bin/../lib/gcc/nios2-elf/5.2.0/../../../../../H-x86_64-mingw32/nios2-elf/lib/mhw-mulx\libc.a(lib_a-__call_atexit.o)
 .debug_line    0x0000000000003614       0xad ../../../Interrupts_bsp\libhal_bsp.a(alt_exit.o)

.debug_frame    0x0000000000000000     0x13e0
 *(.debug_frame)
 .debug_frame   0x0000000000000000       0x5c obj/default/HexDisplay.o
 .debug_frame   0x000000000000005c       0x2c obj/default/InterruptDemo.o
 .debug_frame   0x0000000000000088       0x38 obj/default/buttonISR.o
 .debug_frame   0x00000000000000c0       0x7c obj/default/lcd.o
 .debug_frame   0x000000000000013c       0x34 obj/default/seven_seg_bcd.o
 .debug_frame   0x0000000000000170       0x38 obj/default/seven_seg_hex.o
 .debug_frame   0x00000000000001a8       0x38 obj/default/timerISR.o
 .debug_frame   0x00000000000001e0       0x38 c:/altera/16.0/nios2eds/bin/gnu/h-x86_64-mingw32/bin/../lib/gcc/nios2-elf/5.2.0/../../../../../H-x86_64-mingw32/nios2-elf/lib/mhw-mulx\libc.a(lib_a-memcpy.o)
 .debug_frame   0x0000000000000218       0x34 ../../../Interrupts_bsp\libhal_bsp.a(alt_irq_register.o)
 .debug_frame   0x000000000000024c       0x5c ../../../Interrupts_bsp\libhal_bsp.a(alt_load.o)
 .debug_frame   0x00000000000002a8       0x2c ../../../Interrupts_bsp\libhal_bsp.a(alt_main.o)
 .debug_frame   0x00000000000002d4       0x88 ../../../Interrupts_bsp\libhal_bsp.a(alt_sys_init.o)
 .debug_frame   0x000000000000035c       0xb0 ../../../Interrupts_bsp\libhal_bsp.a(altera_avalon_jtag_uart_fd.o)
 .debug_frame   0x000000000000040c       0xa4 ../../../Interrupts_bsp\libhal_bsp.a(altera_avalon_jtag_uart_init.o)
 .debug_frame   0x00000000000004b0       0x34 ../../../Interrupts_bsp\libhal_bsp.a(altera_avalon_jtag_uart_ioctl.o)
 .debug_frame   0x00000000000004e4       0x38 ../../../Interrupts_bsp\libhal_bsp.a(altera_avalon_jtag_uart_read.o)
 .debug_frame   0x000000000000051c       0x38 ../../../Interrupts_bsp\libhal_bsp.a(altera_avalon_jtag_uart_write.o)
 .debug_frame   0x0000000000000554       0x60 ../../../Interrupts_bsp\libhal_bsp.a(altera_avalon_timer_sc.o)
 .debug_frame   0x00000000000005b4      0x204 ../../../Interrupts_bsp\libhal_bsp.a(altera_up_avalon_character_lcd.o)
 .debug_frame   0x00000000000007b8      0x188 ../../../Interrupts_bsp\libhal_bsp.a(altera_up_avalon_irda.o)
 .debug_frame   0x0000000000000940      0x2c0 ../../../Interrupts_bsp\libhal_bsp.a(altera_up_avalon_ps2.o)
 .debug_frame   0x0000000000000c00      0x188 ../../../Interrupts_bsp\libhal_bsp.a(altera_up_avalon_rs232.o)
 .debug_frame   0x0000000000000d88       0x34 ../../../Interrupts_bsp\libhal_bsp.a(alt_alarm_start.o)
 .debug_frame   0x0000000000000dbc       0x60 ../../../Interrupts_bsp\libhal_bsp.a(alt_close.o)
 .debug_frame   0x0000000000000e1c       0x34 ../../../Interrupts_bsp\libhal_bsp.a(alt_dcache_flush_all.o)
 .debug_frame   0x0000000000000e50       0x34 ../../../Interrupts_bsp\libhal_bsp.a(alt_dev.o)
 .debug_frame   0x0000000000000e84       0x60 ../../../Interrupts_bsp\libhal_bsp.a(alt_dev_llist_insert.o)
 .debug_frame   0x0000000000000ee4       0x38 ../../../Interrupts_bsp\libhal_bsp.a(alt_do_ctors.o)
 .debug_frame   0x0000000000000f1c       0x38 ../../../Interrupts_bsp\libhal_bsp.a(alt_do_dtors.o)
 .debug_frame   0x0000000000000f54       0x38 ../../../Interrupts_bsp\libhal_bsp.a(alt_find_dev.o)
 .debug_frame   0x0000000000000f8c       0x38 ../../../Interrupts_bsp\libhal_bsp.a(alt_icache_flush_all.o)
 .debug_frame   0x0000000000000fc4       0x60 ../../../Interrupts_bsp\libhal_bsp.a(alt_io_redirect.o)
 .debug_frame   0x0000000000001024       0x38 ../../../Interrupts_bsp\libhal_bsp.a(alt_irq_handler.o)
 .debug_frame   0x000000000000105c       0x84 ../../../Interrupts_bsp\libhal_bsp.a(alt_open.o)
 .debug_frame   0x00000000000010e0       0x34 ../../../Interrupts_bsp\libhal_bsp.a(alt_release_fd.o)
 .debug_frame   0x0000000000001114       0x5c ../../../Interrupts_bsp\libhal_bsp.a(alt_tick.o)
 .debug_frame   0x0000000000001170       0x34 ../../../Interrupts_bsp\libhal_bsp.a(altera_nios2_gen2_irq.o)
 .debug_frame   0x00000000000011a4       0x38 ../../../Interrupts_bsp\libhal_bsp.a(alt_find_file.o)
 .debug_frame   0x00000000000011dc       0x34 ../../../Interrupts_bsp\libhal_bsp.a(alt_get_fd.o)
 .debug_frame   0x0000000000001210       0x34 ../../../Interrupts_bsp\libhal_bsp.a(alt_icache_flush.o)
 .debug_frame   0x0000000000001244       0x5c ../../../Interrupts_bsp\libhal_bsp.a(alt_instruction_exception_entry.o)
 .debug_frame   0x00000000000012a0       0x20 c:/altera/16.0/nios2eds/bin/gnu/h-x86_64-mingw32/bin/../lib/gcc/nios2-elf/5.2.0/../../../../../H-x86_64-mingw32/nios2-elf/lib/mhw-mulx\libc.a(lib_a-atexit.o)
 .debug_frame   0x00000000000012c0       0x28 c:/altera/16.0/nios2eds/bin/gnu/h-x86_64-mingw32/bin/../lib/gcc/nios2-elf/5.2.0/../../../../../H-x86_64-mingw32/nios2-elf/lib/mhw-mulx\libc.a(lib_a-exit.o)
 .debug_frame   0x00000000000012e8       0x20 c:/altera/16.0/nios2eds/bin/gnu/h-x86_64-mingw32/bin/../lib/gcc/nios2-elf/5.2.0/../../../../../H-x86_64-mingw32/nios2-elf/lib/mhw-mulx\libc.a(lib_a-memcmp.o)
 .debug_frame   0x0000000000001308       0x20 c:/altera/16.0/nios2eds/bin/gnu/h-x86_64-mingw32/bin/../lib/gcc/nios2-elf/5.2.0/../../../../../H-x86_64-mingw32/nios2-elf/lib/mhw-mulx\libc.a(lib_a-strlen.o)
 .debug_frame   0x0000000000001328       0x38 c:/altera/16.0/nios2eds/bin/gnu/h-x86_64-mingw32/bin/../lib/gcc/nios2-elf/5.2.0/../../../../../H-x86_64-mingw32/nios2-elf/lib/mhw-mulx\libc.a(lib_a-__atexit.o)
 .debug_frame   0x0000000000001360       0x54 c:/altera/16.0/nios2eds/bin/gnu/h-x86_64-mingw32/bin/../lib/gcc/nios2-elf/5.2.0/../../../../../H-x86_64-mingw32/nios2-elf/lib/mhw-mulx\libc.a(lib_a-__call_atexit.o)
 .debug_frame   0x00000000000013b4       0x2c ../../../Interrupts_bsp\libhal_bsp.a(alt_exit.o)

.debug_str      0x0000000000000000     0x255f
 *(.debug_str)
 .debug_str     0x0000000000000000      0x122 obj/default/HexDisplay.o
                                        0x14e (size before relaxing)
 .debug_str     0x0000000000000122       0x4d obj/default/InterruptDemo.o
                                        0x16c (size before relaxing)
 .debug_str     0x000000000000016f       0x1c obj/default/buttonISR.o
                                        0x135 (size before relaxing)
 .debug_str     0x000000000000018b       0x48 obj/default/lcd.o
                                         0xcf (size before relaxing)
 .debug_str     0x00000000000001d3       0x41 obj/default/seven_seg_bcd.o
                                        0x167 (size before relaxing)
 .debug_str     0x0000000000000214       0x2d obj/default/seven_seg_hex.o
                                        0x162 (size before relaxing)
 .debug_str     0x0000000000000241       0x14 obj/default/timerISR.o
                                        0x125 (size before relaxing)
 .debug_str     0x0000000000000255      0x169 c:/altera/16.0/nios2eds/bin/gnu/h-x86_64-mingw32/bin/../lib/gcc/nios2-elf/5.2.0/../../../../../H-x86_64-mingw32/nios2-elf/lib/mhw-mulx\libc.a(lib_a-memcpy.o)
                                        0x207 (size before relaxing)
 .debug_str     0x00000000000003be      0x122 ../../../Interrupts_bsp\libhal_bsp.a(alt_irq_register.o)
                                        0x200 (size before relaxing)
 .debug_str     0x00000000000004e0       0x17 ../../../Interrupts_bsp\libhal_bsp.a(alt_irq_vars.o)
                                        0x132 (size before relaxing)
 .debug_str     0x00000000000004f7       0xe9 ../../../Interrupts_bsp\libhal_bsp.a(alt_load.o)
                                        0x20a (size before relaxing)
 .debug_str     0x00000000000005e0       0x70 ../../../Interrupts_bsp\libhal_bsp.a(alt_main.o)
                                        0x1be (size before relaxing)
 .debug_str     0x0000000000000650      0x502 ../../../Interrupts_bsp\libhal_bsp.a(alt_sys_init.o)
                                        0x6f2 (size before relaxing)
 .debug_str     0x0000000000000b52       0xb9 ../../../Interrupts_bsp\libhal_bsp.a(altera_avalon_jtag_uart_fd.o)
                                        0x39c (size before relaxing)
 .debug_str     0x0000000000000c0b       0xd1 ../../../Interrupts_bsp\libhal_bsp.a(altera_avalon_jtag_uart_init.o)
                                        0x351 (size before relaxing)
 .debug_str     0x0000000000000cdc       0x4a ../../../Interrupts_bsp\libhal_bsp.a(altera_avalon_jtag_uart_ioctl.o)
                                        0x28b (size before relaxing)
 .debug_str     0x0000000000000d26       0x48 ../../../Interrupts_bsp\libhal_bsp.a(altera_avalon_jtag_uart_read.o)
                                        0x301 (size before relaxing)
 .debug_str     0x0000000000000d6e       0x4a ../../../Interrupts_bsp\libhal_bsp.a(altera_avalon_jtag_uart_write.o)
                                        0x302 (size before relaxing)
 .debug_str     0x0000000000000db8       0x6d ../../../Interrupts_bsp\libhal_bsp.a(altera_avalon_timer_sc.o)
                                        0x264 (size before relaxing)
 .debug_str     0x0000000000000e25      0x1ea ../../../Interrupts_bsp\libhal_bsp.a(altera_up_avalon_character_lcd.o)
                                        0x3e9 (size before relaxing)
 .debug_str     0x000000000000100f      0x16e ../../../Interrupts_bsp\libhal_bsp.a(altera_up_avalon_irda.o)
                                        0x357 (size before relaxing)
 .debug_str     0x000000000000117d      0x1c5 ../../../Interrupts_bsp\libhal_bsp.a(altera_up_avalon_ps2.o)
                                        0x42a (size before relaxing)
 .debug_str     0x0000000000001342      0x154 ../../../Interrupts_bsp\libhal_bsp.a(altera_up_avalon_rs232.o)
                                        0x364 (size before relaxing)
 .debug_str     0x0000000000001496       0x59 ../../../Interrupts_bsp\libhal_bsp.a(alt_alarm_start.o)
                                        0x297 (size before relaxing)
 .debug_str     0x00000000000014ef       0x44 ../../../Interrupts_bsp\libhal_bsp.a(alt_close.o)
                                        0x203 (size before relaxing)
 .debug_str     0x0000000000001533       0x34 ../../../Interrupts_bsp\libhal_bsp.a(alt_dcache_flush_all.o)
                                        0x14d (size before relaxing)
 .debug_str     0x0000000000001567      0x120 ../../../Interrupts_bsp\libhal_bsp.a(alt_dev.o)
                                        0x2fd (size before relaxing)
 .debug_str     0x0000000000001687       0x34 ../../../Interrupts_bsp\libhal_bsp.a(alt_dev_llist_insert.o)
                                        0x1c4 (size before relaxing)
 .debug_str     0x00000000000016bb       0x48 ../../../Interrupts_bsp\libhal_bsp.a(alt_do_ctors.o)
                                         0xc8 (size before relaxing)
 .debug_str     0x0000000000001703       0x4c ../../../Interrupts_bsp\libhal_bsp.a(alt_do_dtors.o)
                                         0xc7 (size before relaxing)
 .debug_str     0x000000000000174f       0x14 ../../../Interrupts_bsp\libhal_bsp.a(alt_errno.o)
                                        0x13d (size before relaxing)
 .debug_str     0x0000000000001763       0x24 ../../../Interrupts_bsp\libhal_bsp.a(alt_find_dev.o)
                                        0x1e4 (size before relaxing)
 .debug_str     0x0000000000001787       0x34 ../../../Interrupts_bsp\libhal_bsp.a(alt_icache_flush_all.o)
                                        0x14d (size before relaxing)
 .debug_str     0x00000000000017bb       0x56 ../../../Interrupts_bsp\libhal_bsp.a(alt_io_redirect.o)
                                        0x30e (size before relaxing)
 .debug_str     0x0000000000001811       0x3a ../../../Interrupts_bsp\libhal_bsp.a(alt_irq_handler.o)
                                        0x1b0 (size before relaxing)
 .debug_str     0x000000000000184b       0x2f ../../../Interrupts_bsp\libhal_bsp.a(alt_open.o)
                                        0x243 (size before relaxing)
 .debug_str     0x000000000000187a       0x28 ../../../Interrupts_bsp\libhal_bsp.a(alt_release_fd.o)
                                        0x1cb (size before relaxing)
 .debug_str     0x00000000000018a2       0x4a ../../../Interrupts_bsp\libhal_bsp.a(alt_tick.o)
                                        0x26b (size before relaxing)
 .debug_str     0x00000000000018ec       0x3b ../../../Interrupts_bsp\libhal_bsp.a(altera_nios2_gen2_irq.o)
                                        0x17d (size before relaxing)
 .debug_str     0x0000000000001927       0x26 ../../../Interrupts_bsp\libhal_bsp.a(alt_find_file.o)
                                        0x1f2 (size before relaxing)
 .debug_str     0x000000000000194d       0x30 ../../../Interrupts_bsp\libhal_bsp.a(alt_get_fd.o)
                                        0x214 (size before relaxing)
 .debug_str     0x000000000000197d       0x2c ../../../Interrupts_bsp\libhal_bsp.a(alt_icache_flush.o)
                                        0x153 (size before relaxing)
 .debug_str     0x00000000000019a9      0x48b ../../../Interrupts_bsp\libhal_bsp.a(alt_instruction_exception_entry.o)
                                        0x598 (size before relaxing)
 .debug_str     0x0000000000001e34      0x10e c:/altera/16.0/nios2eds/bin/gnu/h-x86_64-mingw32/bin/../lib/gcc/nios2-elf/5.2.0/../../../../../H-x86_64-mingw32/nios2-elf/lib/mhw-mulx\libc.a(lib_a-atexit.o)
                                        0x21d (size before relaxing)
 .debug_str     0x0000000000001f42      0x3a7 c:/altera/16.0/nios2eds/bin/gnu/h-x86_64-mingw32/bin/../lib/gcc/nios2-elf/5.2.0/../../../../../H-x86_64-mingw32/nios2-elf/lib/mhw-mulx\libc.a(lib_a-exit.o)
                                        0x5ba (size before relaxing)
 .debug_str     0x00000000000022e9       0xd4 c:/altera/16.0/nios2eds/bin/gnu/h-x86_64-mingw32/bin/../lib/gcc/nios2-elf/5.2.0/../../../../../H-x86_64-mingw32/nios2-elf/lib/mhw-mulx\libc.a(lib_a-impure.o)
                                        0x5b1 (size before relaxing)
 .debug_str     0x00000000000023bd       0x3f c:/altera/16.0/nios2eds/bin/gnu/h-x86_64-mingw32/bin/../lib/gcc/nios2-elf/5.2.0/../../../../../H-x86_64-mingw32/nios2-elf/lib/mhw-mulx\libc.a(lib_a-int_errno.o)
                                        0x1d9 (size before relaxing)
 .debug_str     0x00000000000023fc       0x44 c:/altera/16.0/nios2eds/bin/gnu/h-x86_64-mingw32/bin/../lib/gcc/nios2-elf/5.2.0/../../../../../H-x86_64-mingw32/nios2-elf/lib/mhw-mulx\libc.a(lib_a-memcmp.o)
                                        0x1e0 (size before relaxing)
 .debug_str     0x0000000000002440       0x51 c:/altera/16.0/nios2eds/bin/gnu/h-x86_64-mingw32/bin/../lib/gcc/nios2-elf/5.2.0/../../../../../H-x86_64-mingw32/nios2-elf/lib/mhw-mulx\libc.a(lib_a-strlen.o)
                                        0x1f3 (size before relaxing)
 .debug_str     0x0000000000002491       0x3f c:/altera/16.0/nios2eds/bin/gnu/h-x86_64-mingw32/bin/../lib/gcc/nios2-elf/5.2.0/../../../../../H-x86_64-mingw32/nios2-elf/lib/mhw-mulx\libc.a(lib_a-__atexit.o)
                                        0x5f2 (size before relaxing)
 .debug_str     0x00000000000024d0       0x65 c:/altera/16.0/nios2eds/bin/gnu/h-x86_64-mingw32/bin/../lib/gcc/nios2-elf/5.2.0/../../../../../H-x86_64-mingw32/nios2-elf/lib/mhw-mulx\libc.a(lib_a-__call_atexit.o)
                                        0x5de (size before relaxing)
 .debug_str     0x0000000000002535       0x2a ../../../Interrupts_bsp\libhal_bsp.a(alt_exit.o)
                                        0x172 (size before relaxing)

.debug_loc      0x0000000000000000      0x770
 *(.debug_loc)
 .debug_loc     0x0000000000000000      0x266 c:/altera/16.0/nios2eds/bin/gnu/h-x86_64-mingw32/bin/../lib/gcc/nios2-elf/5.2.0/../../../../../H-x86_64-mingw32/nios2-elf/lib/mhw-mulx\libc.a(lib_a-memcpy.o)
 .debug_loc     0x0000000000000266       0x2c c:/altera/16.0/nios2eds/bin/gnu/h-x86_64-mingw32/bin/../lib/gcc/nios2-elf/5.2.0/../../../../../H-x86_64-mingw32/nios2-elf/lib/mhw-mulx\libc.a(lib_a-atexit.o)
 .debug_loc     0x0000000000000292       0x1e c:/altera/16.0/nios2eds/bin/gnu/h-x86_64-mingw32/bin/../lib/gcc/nios2-elf/5.2.0/../../../../../H-x86_64-mingw32/nios2-elf/lib/mhw-mulx\libc.a(lib_a-exit.o)
 .debug_loc     0x00000000000002b0      0x126 c:/altera/16.0/nios2eds/bin/gnu/h-x86_64-mingw32/bin/../lib/gcc/nios2-elf/5.2.0/../../../../../H-x86_64-mingw32/nios2-elf/lib/mhw-mulx\libc.a(lib_a-memcmp.o)
 .debug_loc     0x00000000000003d6       0x47 c:/altera/16.0/nios2eds/bin/gnu/h-x86_64-mingw32/bin/../lib/gcc/nios2-elf/5.2.0/../../../../../H-x86_64-mingw32/nios2-elf/lib/mhw-mulx\libc.a(lib_a-strlen.o)
 .debug_loc     0x000000000000041d      0x185 c:/altera/16.0/nios2eds/bin/gnu/h-x86_64-mingw32/bin/../lib/gcc/nios2-elf/5.2.0/../../../../../H-x86_64-mingw32/nios2-elf/lib/mhw-mulx\libc.a(lib_a-__atexit.o)